
$ /usr/bin/python3 -m data_ddd.simulate /workspace/datasets/glissile_loops/line01loop03_lnlp_b064_f064_s0400_r009
Kokkos::OpenMP::initialize WARNING: OMP_PROC_BIND environment variable not set
  In general, for best performance with OpenMP 4.0 or better set OMP_PROC_BIND=spread and OMP_PLACES=threads
  For best performance with OpenMP 3.1 set OMP_PROC_BIND=true
  For unit testing set OMP_PROC_BIND=false

Host Parallel Execution Space:
  KOKKOS_ENABLE_OPENMP: yes

OpenMP Runtime Configuration:
Kokkos::OpenMP thread_pool_topology[ 1 x 4 x 1 ]
Exporting configuration in ParaDiS format
 Output file: /workspace/datasets/glissile_loops/line01loop03_lnlp_b064_f064_s0400_r009/raw/config.0.data
Exporting configuration in ParaDiS format
 Output file: /workspace/datasets/glissile_loops/line01loop03_lnlp_b064_f064_s0400_r009/raw/config.3.data
Exporting configuration in ParaDiS format
 Output file: /workspace/datasets/glissile_loops/line01loop03_lnlp_b064_f064_s0400_r009/raw/config.6.data
Exporting configuration in ParaDiS format
 Output file: /workspace/datasets/glissile_loops/line01loop03_lnlp_b064_f064_s0400_r009/raw/config.9.data
Exporting configuration in ParaDiS format
 Output file: /workspace/datasets/glissile_loops/line01loop03_lnlp_b064_f064_s0400_r009/raw/config.12.data
Exporting configuration in ParaDiS format
 Output file: /workspace/datasets/glissile_loops/line01loop03_lnlp_b064_f064_s0400_r009/raw/config.15.data
Exporting configuration in ParaDiS format
 Output file: /workspace/datasets/glissile_loops/line01loop03_lnlp_b064_f064_s0400_r009/raw/config.18.data
Exporting configuration in ParaDiS format
 Output file: /workspace/datasets/glissile_loops/line01loop03_lnlp_b064_f064_s0400_r009/raw/config.21.data
Exporting configuration in ParaDiS format
 Output file: /workspace/datasets/glissile_loops/line01loop03_lnlp_b064_f064_s0400_r009/raw/config.24.data
Exporting configuration in ParaDiS format
 Output file: /workspace/datasets/glissile_loops/line01loop03_lnlp_b064_f064_s0400_r009/raw/config.27.data
Exporting configuration in ParaDiS format
 Output file: /workspace/datasets/glissile_loops/line01loop03_lnlp_b064_f064_s0400_r009/raw/config.30.data
Exporting configuration in ParaDiS format
 Output file: /workspace/datasets/glissile_loops/line01loop03_lnlp_b064_f064_s0400_r009/raw/config.33.data
Exporting configuration in ParaDiS format
 Output file: /workspace/datasets/glissile_loops/line01loop03_lnlp_b064_f064_s0400_r009/raw/config.36.data
Exporting configuration in ParaDiS format
 Output file: /workspace/datasets/glissile_loops/line01loop03_lnlp_b064_f064_s0400_r009/raw/config.39.data
Exporting configuration in ParaDiS format
 Output file: /workspace/datasets/glissile_loops/line01loop03_lnlp_b064_f064_s0400_r009/raw/config.42.data
Exporting configuration in ParaDiS format
 Output file: /workspace/datasets/glissile_loops/line01loop03_lnlp_b064_f064_s0400_r009/raw/config.45.data
Exporting configuration in ParaDiS format
 Output file: /workspace/datasets/glissile_loops/line01loop03_lnlp_b064_f064_s0400_r009/raw/config.48.data
Exporting configuration in ParaDiS format
 Output file: /workspace/datasets/glissile_loops/line01loop03_lnlp_b064_f064_s0400_r009/raw/config.51.data
Exporting configuration in ParaDiS format
 Output file: /workspace/datasets/glissile_loops/line01loop03_lnlp_b064_f064_s0400_r009/raw/config.54.data
Exporting configuration in ParaDiS format
 Output file: /workspace/datasets/glissile_loops/line01loop03_lnlp_b064_f064_s0400_r009/raw/config.57.data
Exporting configuration in ParaDiS format
 Output file: /workspace/datasets/glissile_loops/line01loop03_lnlp_b064_f064_s0400_r009/raw/config.60.data
Exporting configuration in ParaDiS format
 Output file: /workspace/datasets/glissile_loops/line01loop03_lnlp_b064_f064_s0400_r009/raw/config.63.data
Exporting configuration in ParaDiS format
 Output file: /workspace/datasets/glissile_loops/line01loop03_lnlp_b064_f064_s0400_r009/raw/config.66.data
Exporting configuration in ParaDiS format
 Output file: /workspace/datasets/glissile_loops/line01loop03_lnlp_b064_f064_s0400_r009/raw/config.69.data
Exporting configuration in ParaDiS format
 Output file: /workspace/datasets/glissile_loops/line01loop03_lnlp_b064_f064_s0400_r009/raw/config.72.data
Exporting configuration in ParaDiS format
 Output file: /workspace/datasets/glissile_loops/line01loop03_lnlp_b064_f064_s0400_r009/raw/config.75.data
Exporting configuration in ParaDiS format
 Output file: /workspace/datasets/glissile_loops/line01loop03_lnlp_b064_f064_s0400_r009/raw/config.78.data
Exporting configuration in ParaDiS format
 Output file: /workspace/datasets/glissile_loops/line01loop03_lnlp_b064_f064_s0400_r009/raw/config.81.data
Exporting configuration in ParaDiS format
 Output file: /workspace/datasets/glissile_loops/line01loop03_lnlp_b064_f064_s0400_r009/raw/config.84.data
Exporting configuration in ParaDiS format
 Output file: /workspace/datasets/glissile_loops/line01loop03_lnlp_b064_f064_s0400_r009/raw/config.87.data
Exporting configuration in ParaDiS format
 Output file: /workspace/datasets/glissile_loops/line01loop03_lnlp_b064_f064_s0400_r009/raw/config.90.data
Exporting configuration in ParaDiS format
 Output file: /workspace/datasets/glissile_loops/line01loop03_lnlp_b064_f064_s0400_r009/raw/config.93.data
Exporting configuration in ParaDiS format
 Output file: /workspace/datasets/glissile_loops/line01loop03_lnlp_b064_f064_s0400_r009/raw/config.96.data
Exporting configuration in ParaDiS format
 Output file: /workspace/datasets/glissile_loops/line01loop03_lnlp_b064_f064_s0400_r009/raw/config.99.data
Exporting configuration in ParaDiS format
 Output file: /workspace/datasets/glissile_loops/line01loop03_lnlp_b064_f064_s0400_r009/raw/config.102.data
Exporting configuration in ParaDiS format
 Output file: /workspace/datasets/glissile_loops/line01loop03_lnlp_b064_f064_s0400_r009/raw/config.105.data
Exporting configuration in ParaDiS format
 Output file: /workspace/datasets/glissile_loops/line01loop03_lnlp_b064_f064_s0400_r009/raw/config.108.data
Exporting configuration in ParaDiS format
 Output file: /workspace/datasets/glissile_loops/line01loop03_lnlp_b064_f064_s0400_r009/raw/config.111.data
Exporting configuration in ParaDiS format
 Output file: /workspace/datasets/glissile_loops/line01loop03_lnlp_b064_f064_s0400_r009/raw/config.114.data
Exporting configuration in ParaDiS format
 Output file: /workspace/datasets/glissile_loops/line01loop03_lnlp_b064_f064_s0400_r009/raw/config.117.data
Exporting configuration in ParaDiS format
 Output file: /workspace/datasets/glissile_loops/line01loop03_lnlp_b064_f064_s0400_r009/raw/config.120.data
Exporting configuration in ParaDiS format
 Output file: /workspace/datasets/glissile_loops/line01loop03_lnlp_b064_f064_s0400_r009/raw/config.123.data
Exporting configuration in ParaDiS format
 Output file: /workspace/datasets/glissile_loops/line01loop03_lnlp_b064_f064_s0400_r009/raw/config.126.data
Exporting configuration in ParaDiS format
 Output file: /workspace/datasets/glissile_loops/line01loop03_lnlp_b064_f064_s0400_r009/raw/config.129.data
Exporting configuration in ParaDiS format
 Output file: /workspace/datasets/glissile_loops/line01loop03_lnlp_b064_f064_s0400_r009/raw/config.132.data
Exporting configuration in ParaDiS format
 Output file: /workspace/datasets/glissile_loops/line01loop03_lnlp_b064_f064_s0400_r009/raw/config.135.data
Exporting configuration in ParaDiS format
 Output file: /workspace/datasets/glissile_loops/line01loop03_lnlp_b064_f064_s0400_r009/raw/config.138.data
Exporting configuration in ParaDiS format
 Output file: /workspace/datasets/glissile_loops/line01loop03_lnlp_b064_f064_s0400_r009/raw/config.141.data
Exporting configuration in ParaDiS format
 Output file: /workspace/datasets/glissile_loops/line01loop03_lnlp_b064_f064_s0400_r009/raw/config.144.data
Exporting configuration in ParaDiS format
 Output file: /workspace/datasets/glissile_loops/line01loop03_lnlp_b064_f064_s0400_r009/raw/config.147.data
Exporting configuration in ParaDiS format
 Output file: /workspace/datasets/glissile_loops/line01loop03_lnlp_b064_f064_s0400_r009/raw/config.150.data
step = 5, nodes = 222, dt = 1.036800e-12, time = 3.720800e-12, elapsed = 0.1 sec
step = 10, nodes = 222, dt = 2.579890e-12, time = 1.297934e-11, elapsed = 0.1 sec
step = 15, nodes = 222, dt = 6.419592e-12, time = 3.601755e-11, elapsed = 0.2 sec
step = 20, nodes = 222, dt = 1.597400e-11, time = 9.334400e-11, elapsed = 0.2 sec
step = 25, nodes = 256, dt = 3.974842e-11, time = 2.359905e-10, elapsed = 0.3 sec
step = 30, nodes = 324, dt = 9.890680e-11, time = 5.909408e-10, elapsed = 0.4 sec
step = 35, nodes = 324, dt = 1.000000e-10, time = 1.090941e-09, elapsed = 0.5 sec
step = 40, nodes = 323, dt = 5.000000e-11, time = 1.490941e-09, elapsed = 0.6 sec
step = 45, nodes = 323, dt = 1.500000e-11, time = 1.670941e-09, elapsed = 0.7 sec
step = 50, nodes = 323, dt = 3.732480e-11, time = 1.804890e-09, elapsed = 0.8 sec
step = 55, nodes = 322, dt = 3.869835e-11, time = 2.084019e-09, elapsed = 0.9 sec
step = 60, nodes = 321, dt = 1.671769e-11, time = 2.176586e-09, elapsed = 1.0 sec
step = 65, nodes = 321, dt = 4.159896e-11, time = 2.325873e-09, elapsed = 1.1 sec
step = 70, nodes = 321, dt = 1.000000e-10, time = 2.693837e-09, elapsed = 1.2 sec
step = 75, nodes = 318, dt = 8.640000e-11, time = 3.012237e-09, elapsed = 1.3 sec
step = 80, nodes = 319, dt = 1.000000e-10, time = 3.512237e-09, elapsed = 1.4 sec
step = 85, nodes = 318, dt = 8.640000e-11, time = 3.830637e-09, elapsed = 1.5 sec
step = 90, nodes = 318, dt = 1.000000e-10, time = 4.330637e-09, elapsed = 1.6 sec
step = 95, nodes = 316, dt = 3.600000e-11, time = 4.546637e-09, elapsed = 1.7 sec
step = 100, nodes = 316, dt = 8.957952e-11, time = 4.868114e-09, elapsed = 1.8 sec
step = 105, nodes = 316, dt = 1.000000e-10, time = 5.368114e-09, elapsed = 1.8 sec
step = 110, nodes = 316, dt = 7.200000e-11, time = 5.700114e-09, elapsed = 1.9 sec
step = 115, nodes = 316, dt = 1.000000e-10, time = 6.186514e-09, elapsed = 2.0 sec
step = 120, nodes = 316, dt = 1.000000e-10, time = 6.686514e-09, elapsed = 2.1 sec
step = 125, nodes = 315, dt = 7.200000e-11, time = 7.018514e-09, elapsed = 2.2 sec
step = 130, nodes = 316, dt = 1.000000e-10, time = 7.504914e-09, elapsed = 2.3 sec
step = 135, nodes = 317, dt = 1.000000e-10, time = 8.004914e-09, elapsed = 2.3 sec
step = 140, nodes = 323, dt = 5.000000e-11, time = 8.404914e-09, elapsed = 2.4 sec
step = 145, nodes = 331, dt = 1.000000e-10, time = 8.823314e-09, elapsed = 2.5 sec
step = 150, nodes = 337, dt = 1.000000e-10, time = 9.323314e-09, elapsed = 2.6 sec
RUN TIME: 2.565679 sec
case line01loop03_lnlp_b064_f064_s0400_r009 finished in 2.6 s (t = 9.323e-09 s)

$ /usr/bin/python3 -m data_ddd.trajectory /workspace/datasets/glissile_loops/line01loop03_lnlp_b064_f064_s0400_r009
Kokkos::OpenMP::initialize WARNING: OMP_PROC_BIND environment variable not set
  In general, for best performance with OpenMP 4.0 or better set OMP_PROC_BIND=spread and OMP_PLACES=threads
  For best performance with OpenMP 3.1 set OMP_PROC_BIND=true
  For unit testing set OMP_PROC_BIND=false

Host Parallel Execution Space:
  KOKKOS_ENABLE_OPENMP: yes

OpenMP Runtime Configuration:
Kokkos::OpenMP thread_pool_topology[ 1 x 4 x 1 ]
Reading ParaDiS configuration
 Input file: /workspace/datasets/glissile_loops/line01loop03_lnlp_b064_f064_s0400_r009/raw/config.0.data
 nodes: 162, segments: 162
 Burgers vector is conserved for all nodes
Reading ParaDiS configuration
 Input file: /workspace/datasets/glissile_loops/line01loop03_lnlp_b064_f064_s0400_r009/raw/config.3.data
 nodes: 222, segments: 222
 Burgers vector is conserved for all nodes
Reading ParaDiS configuration
 Input file: /workspace/datasets/glissile_loops/line01loop03_lnlp_b064_f064_s0400_r009/raw/config.6.data
 nodes: 222, segments: 222
 Burgers vector is conserved for all nodes
Reading ParaDiS configuration
 Input file: /workspace/datasets/glissile_loops/line01loop03_lnlp_b064_f064_s0400_r009/raw/config.9.data
 nodes: 222, segments: 222
 Burgers vector is conserved for all nodes
Reading ParaDiS configuration
 Input file: /workspace/datasets/glissile_loops/line01loop03_lnlp_b064_f064_s0400_r009/raw/config.12.data
 nodes: 222, segments: 222
 Burgers vector is conserved for all nodes
Reading ParaDiS configuration
 Input file: /workspace/datasets/glissile_loops/line01loop03_lnlp_b064_f064_s0400_r009/raw/config.15.data
 nodes: 222, segments: 222
 Burgers vector is conserved for all nodes
Reading ParaDiS configuration
 Input file: /workspace/datasets/glissile_loops/line01loop03_lnlp_b064_f064_s0400_r009/raw/config.18.data
 nodes: 222, segments: 222
 Burgers vector is conserved for all nodes
Reading ParaDiS configuration
 Input file: /workspace/datasets/glissile_loops/line01loop03_lnlp_b064_f064_s0400_r009/raw/config.21.data
 nodes: 222, segments: 222
 Burgers vector is conserved for all nodes
Reading ParaDiS configuration
 Input file: /workspace/datasets/glissile_loops/line01loop03_lnlp_b064_f064_s0400_r009/raw/config.24.data
 nodes: 256, segments: 256
 Burgers vector is conserved for all nodes
Reading ParaDiS configuration
 Input file: /workspace/datasets/glissile_loops/line01loop03_lnlp_b064_f064_s0400_r009/raw/config.27.data
 nodes: 296, segments: 296
 Burgers vector is conserved for all nodes
Reading ParaDiS configuration
 Input file: /workspace/datasets/glissile_loops/line01loop03_lnlp_b064_f064_s0400_r009/raw/config.30.data
 nodes: 324, segments: 324
 Burgers vector is conserved for all nodes
Reading ParaDiS configuration
 Input file: /workspace/datasets/glissile_loops/line01loop03_lnlp_b064_f064_s0400_r009/raw/config.33.data
 nodes: 324, segments: 324
 Burgers vector is conserved for all nodes
Reading ParaDiS configuration
 Input file: /workspace/datasets/glissile_loops/line01loop03_lnlp_b064_f064_s0400_r009/raw/config.36.data
 nodes: 324, segments: 324
 Burgers vector is conserved for all nodes
Reading ParaDiS configuration
 Input file: /workspace/datasets/glissile_loops/line01loop03_lnlp_b064_f064_s0400_r009/raw/config.39.data
 nodes: 324, segments: 324
 Burgers vector is conserved for all nodes
Reading ParaDiS configuration
 Input file: /workspace/datasets/glissile_loops/line01loop03_lnlp_b064_f064_s0400_r009/raw/config.42.data
 nodes: 324, segments: 324
 Burgers vector is conserved for all nodes
Reading ParaDiS configuration
 Input file: /workspace/datasets/glissile_loops/line01loop03_lnlp_b064_f064_s0400_r009/raw/config.45.data
 nodes: 323, segments: 323
 Burgers vector is conserved for all nodes
Reading ParaDiS configuration
 Input file: /workspace/datasets/glissile_loops/line01loop03_lnlp_b064_f064_s0400_r009/raw/config.48.data
 nodes: 323, segments: 323
 Burgers vector is conserved for all nodes
Reading ParaDiS configuration
 Input file: /workspace/datasets/glissile_loops/line01loop03_lnlp_b064_f064_s0400_r009/raw/config.51.data
 nodes: 323, segments: 323
 Burgers vector is conserved for all nodes
Reading ParaDiS configuration
 Input file: /workspace/datasets/glissile_loops/line01loop03_lnlp_b064_f064_s0400_r009/raw/config.54.data
 nodes: 322, segments: 322
 Burgers vector is conserved for all nodes
Reading ParaDiS configuration
 Input file: /workspace/datasets/glissile_loops/line01loop03_lnlp_b064_f064_s0400_r009/raw/config.57.data
 nodes: 321, segments: 321
 Burgers vector is conserved for all nodes
Reading ParaDiS configuration
 Input file: /workspace/datasets/glissile_loops/line01loop03_lnlp_b064_f064_s0400_r009/raw/config.60.data
 nodes: 321, segments: 321
 Burgers vector is conserved for all nodes
Reading ParaDiS configuration
 Input file: /workspace/datasets/glissile_loops/line01loop03_lnlp_b064_f064_s0400_r009/raw/config.63.data
 nodes: 321, segments: 321
 Burgers vector is conserved for all nodes
Reading ParaDiS configuration
 Input file: /workspace/datasets/glissile_loops/line01loop03_lnlp_b064_f064_s0400_r009/raw/config.66.data
 nodes: 321, segments: 321
 Burgers vector is conserved for all nodes
Reading ParaDiS configuration
 Input file: /workspace/datasets/glissile_loops/line01loop03_lnlp_b064_f064_s0400_r009/raw/config.69.data
 nodes: 321, segments: 321
 Burgers vector is conserved for all nodes
Reading ParaDiS configuration
 Input file: /workspace/datasets/glissile_loops/line01loop03_lnlp_b064_f064_s0400_r009/raw/config.72.data
 nodes: 320, segments: 320
 Burgers vector is conserved for all nodes
Reading ParaDiS configuration
 Input file: /workspace/datasets/glissile_loops/line01loop03_lnlp_b064_f064_s0400_r009/raw/config.75.data
 nodes: 318, segments: 318
 Burgers vector is conserved for all nodes
Reading ParaDiS configuration
 Input file: /workspace/datasets/glissile_loops/line01loop03_lnlp_b064_f064_s0400_r009/raw/config.78.data
 nodes: 318, segments: 318
 Burgers vector is conserved for all nodes
Reading ParaDiS configuration
 Input file: /workspace/datasets/glissile_loops/line01loop03_lnlp_b064_f064_s0400_r009/raw/config.81.data
 nodes: 318, segments: 318
 Burgers vector is conserved for all nodes
Reading ParaDiS configuration
 Input file: /workspace/datasets/glissile_loops/line01loop03_lnlp_b064_f064_s0400_r009/raw/config.84.data
 nodes: 318, segments: 318
 Burgers vector is conserved for all nodes
Reading ParaDiS configuration
 Input file: /workspace/datasets/glissile_loops/line01loop03_lnlp_b064_f064_s0400_r009/raw/config.87.data
 nodes: 318, segments: 318
 Burgers vector is conserved for all nodes
Reading ParaDiS configuration
 Input file: /workspace/datasets/glissile_loops/line01loop03_lnlp_b064_f064_s0400_r009/raw/config.90.data
 nodes: 318, segments: 318
 Burgers vector is conserved for all nodes
Reading ParaDiS configuration
 Input file: /workspace/datasets/glissile_loops/line01loop03_lnlp_b064_f064_s0400_r009/raw/config.93.data
 nodes: 316, segments: 316
 Burgers vector is conserved for all nodes
Reading ParaDiS configuration
 Input file: /workspace/datasets/glissile_loops/line01loop03_lnlp_b064_f064_s0400_r009/raw/config.96.data
 nodes: 316, segments: 316
 Burgers vector is conserved for all nodes
Reading ParaDiS configuration
 Input file: /workspace/datasets/glissile_loops/line01loop03_lnlp_b064_f064_s0400_r009/raw/config.99.data
 nodes: 316, segments: 316
 Burgers vector is conserved for all nodes
Reading ParaDiS configuration
 Input file: /workspace/datasets/glissile_loops/line01loop03_lnlp_b064_f064_s0400_r009/raw/config.102.data
 nodes: 316, segments: 316
 Burgers vector is conserved for all nodes
Reading ParaDiS configuration
 Input file: /workspace/datasets/glissile_loops/line01loop03_lnlp_b064_f064_s0400_r009/raw/config.105.data
 nodes: 316, segments: 316
 Burgers vector is conserved for all nodes
Reading ParaDiS configuration
 Input file: /workspace/datasets/glissile_loops/line01loop03_lnlp_b064_f064_s0400_r009/raw/config.108.data
 nodes: 316, segments: 316
 Burgers vector is conserved for all nodes
Reading ParaDiS configuration
 Input file: /workspace/datasets/glissile_loops/line01loop03_lnlp_b064_f064_s0400_r009/raw/config.111.data
 nodes: 316, segments: 316
 Burgers vector is conserved for all nodes
Reading ParaDiS configuration
 Input file: /workspace/datasets/glissile_loops/line01loop03_lnlp_b064_f064_s0400_r009/raw/config.114.data
 nodes: 316, segments: 316
 Burgers vector is conserved for all nodes
Reading ParaDiS configuration
 Input file: /workspace/datasets/glissile_loops/line01loop03_lnlp_b064_f064_s0400_r009/raw/config.117.data
 nodes: 316, segments: 316
 Burgers vector is conserved for all nodes
Reading ParaDiS configuration
 Input file: /workspace/datasets/glissile_loops/line01loop03_lnlp_b064_f064_s0400_r009/raw/config.120.data
 nodes: 316, segments: 316
 Burgers vector is conserved for all nodes
Reading ParaDiS configuration
 Input file: /workspace/datasets/glissile_loops/line01loop03_lnlp_b064_f064_s0400_r009/raw/config.123.data
 nodes: 315, segments: 315
 Burgers vector is conserved for all nodes
Reading ParaDiS configuration
 Input file: /workspace/datasets/glissile_loops/line01loop03_lnlp_b064_f064_s0400_r009/raw/config.126.data
 nodes: 315, segments: 315
 Burgers vector is conserved for all nodes
Reading ParaDiS configuration
 Input file: /workspace/datasets/glissile_loops/line01loop03_lnlp_b064_f064_s0400_r009/raw/config.129.data
 nodes: 316, segments: 316
 Burgers vector is conserved for all nodes
Reading ParaDiS configuration
 Input file: /workspace/datasets/glissile_loops/line01loop03_lnlp_b064_f064_s0400_r009/raw/config.132.data
 nodes: 316, segments: 316
 Burgers vector is conserved for all nodes
Reading ParaDiS configuration
 Input file: /workspace/datasets/glissile_loops/line01loop03_lnlp_b064_f064_s0400_r009/raw/config.135.data
 nodes: 317, segments: 317
 Burgers vector is conserved for all nodes
Reading ParaDiS configuration
 Input file: /workspace/datasets/glissile_loops/line01loop03_lnlp_b064_f064_s0400_r009/raw/config.138.data
 nodes: 322, segments: 322
 Burgers vector is conserved for all nodes
Reading ParaDiS configuration
 Input file: /workspace/datasets/glissile_loops/line01loop03_lnlp_b064_f064_s0400_r009/raw/config.141.data
 nodes: 325, segments: 325
 Burgers vector is conserved for all nodes
Reading ParaDiS configuration
 Input file: /workspace/datasets/glissile_loops/line01loop03_lnlp_b064_f064_s0400_r009/raw/config.144.data
 nodes: 329, segments: 329
 Burgers vector is conserved for all nodes
Reading ParaDiS configuration
 Input file: /workspace/datasets/glissile_loops/line01loop03_lnlp_b064_f064_s0400_r009/raw/config.147.data
 nodes: 333, segments: 333
 Burgers vector is conserved for all nodes
Reading ParaDiS configuration
 Input file: /workspace/datasets/glissile_loops/line01loop03_lnlp_b064_f064_s0400_r009/raw/config.150.data
 nodes: 337, segments: 337
 Burgers vector is conserved for all nodes
processed line01loop03_lnlp_b064_f064_s0400_r009: 51 frames, validation ok=True
