
$ /usr/bin/python3 -m data_ddd.simulate /workspace/datasets/glissile_loops/line01loop01_lnlp_b032_f032_s0400_r008
Kokkos::OpenMP::initialize WARNING: OMP_PROC_BIND environment variable not set
  In general, for best performance with OpenMP 4.0 or better set OMP_PROC_BIND=spread and OMP_PLACES=threads
  For best performance with OpenMP 3.1 set OMP_PROC_BIND=true
  For unit testing set OMP_PROC_BIND=false

Host Parallel Execution Space:
  KOKKOS_ENABLE_OPENMP: yes

OpenMP Runtime Configuration:
Kokkos::OpenMP thread_pool_topology[ 1 x 4 x 1 ]
Exporting configuration in ParaDiS format
 Output file: /workspace/datasets/glissile_loops/line01loop01_lnlp_b032_f032_s0400_r008/raw/config.0.data
Exporting configuration in ParaDiS format
 Output file: /workspace/datasets/glissile_loops/line01loop01_lnlp_b032_f032_s0400_r008/raw/config.3.data
Exporting configuration in ParaDiS format
 Output file: /workspace/datasets/glissile_loops/line01loop01_lnlp_b032_f032_s0400_r008/raw/config.6.data
Exporting configuration in ParaDiS format
 Output file: /workspace/datasets/glissile_loops/line01loop01_lnlp_b032_f032_s0400_r008/raw/config.9.data
Exporting configuration in ParaDiS format
 Output file: /workspace/datasets/glissile_loops/line01loop01_lnlp_b032_f032_s0400_r008/raw/config.12.data
Exporting configuration in ParaDiS format
 Output file: /workspace/datasets/glissile_loops/line01loop01_lnlp_b032_f032_s0400_r008/raw/config.15.data
Exporting configuration in ParaDiS format
 Output file: /workspace/datasets/glissile_loops/line01loop01_lnlp_b032_f032_s0400_r008/raw/config.18.data
Exporting configuration in ParaDiS format
 Output file: /workspace/datasets/glissile_loops/line01loop01_lnlp_b032_f032_s0400_r008/raw/config.21.data
Exporting configuration in ParaDiS format
 Output file: /workspace/datasets/glissile_loops/line01loop01_lnlp_b032_f032_s0400_r008/raw/config.24.data
Exporting configuration in ParaDiS format
 Output file: /workspace/datasets/glissile_loops/line01loop01_lnlp_b032_f032_s0400_r008/raw/config.27.data
Exporting configuration in ParaDiS format
 Output file: /workspace/datasets/glissile_loops/line01loop01_lnlp_b032_f032_s0400_r008/raw/config.30.data
Exporting configuration in ParaDiS format
 Output file: /workspace/datasets/glissile_loops/line01loop01_lnlp_b032_f032_s0400_r008/raw/config.33.data
Exporting configuration in ParaDiS format
 Output file: /workspace/datasets/glissile_loops/line01loop01_lnlp_b032_f032_s0400_r008/raw/config.36.data
Exporting configuration in ParaDiS format
 Output file: /workspace/datasets/glissile_loops/line01loop01_lnlp_b032_f032_s0400_r008/raw/config.39.data
Exporting configuration in ParaDiS format
 Output file: /workspace/datasets/glissile_loops/line01loop01_lnlp_b032_f032_s0400_r008/raw/config.42.data
Exporting configuration in ParaDiS format
 Output file: /workspace/datasets/glissile_loops/line01loop01_lnlp_b032_f032_s0400_r008/raw/config.45.data
Exporting configuration in ParaDiS format
 Output file: /workspace/datasets/glissile_loops/line01loop01_lnlp_b032_f032_s0400_r008/raw/config.48.data
Exporting configuration in ParaDiS format
 Output file: /workspace/datasets/glissile_loops/line01loop01_lnlp_b032_f032_s0400_r008/raw/config.51.data
Exporting configuration in ParaDiS format
 Output file: /workspace/datasets/glissile_loops/line01loop01_lnlp_b032_f032_s0400_r008/raw/config.54.data
Exporting configuration in ParaDiS format
 Output file: /workspace/datasets/glissile_loops/line01loop01_lnlp_b032_f032_s0400_r008/raw/config.57.data
Exporting configuration in ParaDiS format
 Output file: /workspace/datasets/glissile_loops/line01loop01_lnlp_b032_f032_s0400_r008/raw/config.60.data
Exporting configuration in ParaDiS format
 Output file: /workspace/datasets/glissile_loops/line01loop01_lnlp_b032_f032_s0400_r008/raw/config.63.data
Exporting configuration in ParaDiS format
 Output file: /workspace/datasets/glissile_loops/line01loop01_lnlp_b032_f032_s0400_r008/raw/config.66.data
Exporting configuration in ParaDiS format
 Output file: /workspace/datasets/glissile_loops/line01loop01_lnlp_b032_f032_s0400_r008/raw/config.69.data
Exporting configuration in ParaDiS format
 Output file: /workspace/datasets/glissile_loops/line01loop01_lnlp_b032_f032_s0400_r008/raw/config.72.data
Exporting configuration in ParaDiS format
 Output file: /workspace/datasets/glissile_loops/line01loop01_lnlp_b032_f032_s0400_r008/raw/config.75.data
Exporting configuration in ParaDiS format
 Output file: /workspace/datasets/glissile_loops/line01loop01_lnlp_b032_f032_s0400_r008/raw/config.78.data
Exporting configuration in ParaDiS format
 Output file: /workspace/datasets/glissile_loops/line01loop01_lnlp_b032_f032_s0400_r008/raw/config.81.data
Exporting configuration in ParaDiS format
 Output file: /workspace/datasets/glissile_loops/line01loop01_lnlp_b032_f032_s0400_r008/raw/config.84.data
Exporting configuration in ParaDiS format
 Output file: /workspace/datasets/glissile_loops/line01loop01_lnlp_b032_f032_s0400_r008/raw/config.87.data
Exporting configuration in ParaDiS format
 Output file: /workspace/datasets/glissile_loops/line01loop01_lnlp_b032_f032_s0400_r008/raw/config.90.data
Exporting configuration in ParaDiS format
 Output file: /workspace/datasets/glissile_loops/line01loop01_lnlp_b032_f032_s0400_r008/raw/config.93.data
Exporting configuration in ParaDiS format
 Output file: /workspace/datasets/glissile_loops/line01loop01_lnlp_b032_f032_s0400_r008/raw/config.96.data
Exporting configuration in ParaDiS format
 Output file: /workspace/datasets/glissile_loops/line01loop01_lnlp_b032_f032_s0400_r008/raw/config.99.data
Exporting configuration in ParaDiS format
 Output file: /workspace/datasets/glissile_loops/line01loop01_lnlp_b032_f032_s0400_r008/raw/config.102.data
Exporting configuration in ParaDiS format
 Output file: /workspace/datasets/glissile_loops/line01loop01_lnlp_b032_f032_s0400_r008/raw/config.105.data
Exporting configuration in ParaDiS format
 Output file: /workspace/datasets/glissile_loops/line01loop01_lnlp_b032_f032_s0400_r008/raw/config.108.data
Exporting configuration in ParaDiS format
 Output file: /workspace/datasets/glissile_loops/line01loop01_lnlp_b032_f032_s0400_r008/raw/config.111.data
Exporting configuration in ParaDiS format
 Output file: /workspace/datasets/glissile_loops/line01loop01_lnlp_b032_f032_s0400_r008/raw/config.114.data
Exporting configuration in ParaDiS format
 Output file: /workspace/datasets/glissile_loops/line01loop01_lnlp_b032_f032_s0400_r008/raw/config.117.data
Exporting configuration in ParaDiS format
 Output file: /workspace/datasets/glissile_loops/line01loop01_lnlp_b032_f032_s0400_r008/raw/config.120.data
Exporting configuration in ParaDiS format
 Output file: /workspace/datasets/glissile_loops/line01loop01_lnlp_b032_f032_s0400_r008/raw/config.123.data
Exporting configuration in ParaDiS format
 Output file: /workspace/datasets/glissile_loops/line01loop01_lnlp_b032_f032_s0400_r008/raw/config.126.data
Exporting configuration in ParaDiS format
 Output file: /workspace/datasets/glissile_loops/line01loop01_lnlp_b032_f032_s0400_r008/raw/config.129.data
Exporting configuration in ParaDiS format
 Output file: /workspace/datasets/glissile_loops/line01loop01_lnlp_b032_f032_s0400_r008/raw/config.132.data
Exporting configuration in ParaDiS format
 Output file: /workspace/datasets/glissile_loops/line01loop01_lnlp_b032_f032_s0400_r008/raw/config.135.data
Exporting configuration in ParaDiS format
 Output file: /workspace/datasets/glissile_loops/line01loop01_lnlp_b032_f032_s0400_r008/raw/config.138.data
Exporting configuration in ParaDiS format
 Output file: /workspace/datasets/glissile_loops/line01loop01_lnlp_b032_f032_s0400_r008/raw/config.141.data
Exporting configuration in ParaDiS format
 Output file: /workspace/datasets/glissile_loops/line01loop01_lnlp_b032_f032_s0400_r008/raw/config.144.data
Exporting configuration in ParaDiS format
 Output file: /workspace/datasets/glissile_loops/line01loop01_lnlp_b032_f032_s0400_r008/raw/config.147.data
Exporting configuration in ParaDiS format
 Output file: /workspace/datasets/glissile_loops/line01loop01_lnlp_b032_f032_s0400_r008/raw/config.150.data
step = 5, nodes = 121, dt = 1.036800e-12, time = 3.720800e-12, elapsed = 0.0 sec
step = 10, nodes = 121, dt = 2.579890e-12, time = 1.297934e-11, elapsed = 0.1 sec
step = 15, nodes = 121, dt = 6.419592e-12, time = 3.601755e-11, elapsed = 0.1 sec
step = 20, nodes = 121, dt = 1.597400e-11, time = 9.334400e-11, elapsed = 0.1 sec
step = 25, nodes = 138, dt = 3.974842e-11, time = 2.359905e-10, elapsed = 0.2 sec
step = 30, nodes = 138, dt = 9.890680e-11, time = 5.909408e-10, elapsed = 0.2 sec
step = 35, nodes = 138, dt = 1.000000e-10, time = 1.090941e-09, elapsed = 0.3 sec
step = 40, nodes = 138, dt = 1.000000e-10, time = 1.590941e-09, elapsed = 0.3 sec
step = 45, nodes = 138, dt = 1.000000e-10, time = 2.090941e-09, elapsed = 0.4 sec
step = 50, nodes = 138, dt = 1.000000e-10, time = 2.590941e-09, elapsed = 0.4 sec
step = 55, nodes = 138, dt = 1.000000e-10, time = 3.090941e-09, elapsed = 0.5 sec
step = 60, nodes = 138, dt = 1.000000e-10, time = 3.590941e-09, elapsed = 0.5 sec
step = 65, nodes = 139, dt = 1.000000e-10, time = 4.090941e-09, elapsed = 0.6 sec
step = 70, nodes = 146, dt = 1.000000e-10, time = 4.590941e-09, elapsed = 0.6 sec
step = 75, nodes = 150, dt = 1.000000e-10, time = 5.090941e-09, elapsed = 0.7 sec
step = 80, nodes = 151, dt = 1.000000e-10, time = 5.590941e-09, elapsed = 0.8 sec
step = 85, nodes = 154, dt = 1.000000e-10, time = 6.090941e-09, elapsed = 0.8 sec
step = 90, nodes = 158, dt = 1.000000e-10, time = 6.590941e-09, elapsed = 0.9 sec
step = 95, nodes = 162, dt = 1.000000e-10, time = 7.090941e-09, elapsed = 0.9 sec
step = 100, nodes = 168, dt = 1.000000e-10, time = 7.590941e-09, elapsed = 1.0 sec
step = 105, nodes = 170, dt = 1.000000e-10, time = 8.090941e-09, elapsed = 1.1 sec
step = 110, nodes = 170, dt = 1.000000e-10, time = 8.590941e-09, elapsed = 1.1 sec
step = 115, nodes = 171, dt = 1.000000e-10, time = 9.090941e-09, elapsed = 1.2 sec
step = 120, nodes = 170, dt = 1.000000e-10, time = 9.590941e-09, elapsed = 1.3 sec
step = 125, nodes = 173, dt = 1.000000e-10, time = 1.009094e-08, elapsed = 1.3 sec
step = 130, nodes = 177, dt = 1.000000e-10, time = 1.059094e-08, elapsed = 1.4 sec
step = 135, nodes = 177, dt = 2.500000e-11, time = 1.089094e-08, elapsed = 1.5 sec
step = 140, nodes = 179, dt = 6.220800e-11, time = 1.111419e-08, elapsed = 1.6 sec
step = 145, nodes = 183, dt = 1.000000e-10, time = 1.157842e-08, elapsed = 1.6 sec
step = 150, nodes = 185, dt = 1.000000e-10, time = 1.207842e-08, elapsed = 1.7 sec
RUN TIME: 1.700296 sec
case line01loop01_lnlp_b032_f032_s0400_r008 finished in 1.7 s (t = 1.208e-08 s)

$ /usr/bin/python3 -m data_ddd.trajectory /workspace/datasets/glissile_loops/line01loop01_lnlp_b032_f032_s0400_r008
Kokkos::OpenMP::initialize WARNING: OMP_PROC_BIND environment variable not set
  In general, for best performance with OpenMP 4.0 or better set OMP_PROC_BIND=spread and OMP_PLACES=threads
  For best performance with OpenMP 3.1 set OMP_PROC_BIND=true
  For unit testing set OMP_PROC_BIND=false

Host Parallel Execution Space:
  KOKKOS_ENABLE_OPENMP: yes

OpenMP Runtime Configuration:
Kokkos::OpenMP thread_pool_topology[ 1 x 4 x 1 ]
Reading ParaDiS configuration
 Input file: /workspace/datasets/glissile_loops/line01loop01_lnlp_b032_f032_s0400_r008/raw/config.0.data
 nodes: 69, segments: 69
 Burgers vector is conserved for all nodes
Reading ParaDiS configuration
 Input file: /workspace/datasets/glissile_loops/line01loop01_lnlp_b032_f032_s0400_r008/raw/config.3.data
 nodes: 121, segments: 121
 Burgers vector is conserved for all nodes
Reading ParaDiS configuration
 Input file: /workspace/datasets/glissile_loops/line01loop01_lnlp_b032_f032_s0400_r008/raw/config.6.data
 nodes: 121, segments: 121
 Burgers vector is conserved for all nodes
Reading ParaDiS configuration
 Input file: /workspace/datasets/glissile_loops/line01loop01_lnlp_b032_f032_s0400_r008/raw/config.9.data
 nodes: 121, segments: 121
 Burgers vector is conserved for all nodes
Reading ParaDiS configuration
 Input file: /workspace/datasets/glissile_loops/line01loop01_lnlp_b032_f032_s0400_r008/raw/config.12.data
 nodes: 121, segments: 121
 Burgers vector is conserved for all nodes
Reading ParaDiS configuration
 Input file: /workspace/datasets/glissile_loops/line01loop01_lnlp_b032_f032_s0400_r008/raw/config.15.data
 nodes: 121, segments: 121
 Burgers vector is conserved for all nodes
Reading ParaDiS configuration
 Input file: /workspace/datasets/glissile_loops/line01loop01_lnlp_b032_f032_s0400_r008/raw/config.18.data
 nodes: 121, segments: 121
 Burgers vector is conserved for all nodes
Reading ParaDiS configuration
 Input file: /workspace/datasets/glissile_loops/line01loop01_lnlp_b032_f032_s0400_r008/raw/config.21.data
 nodes: 123, segments: 123
 Burgers vector is conserved for all nodes
Reading ParaDiS configuration
 Input file: /workspace/datasets/glissile_loops/line01loop01_lnlp_b032_f032_s0400_r008/raw/config.24.data
 nodes: 138, segments: 138
 Burgers vector is conserved for all nodes
Reading ParaDiS configuration
 Input file: /workspace/datasets/glissile_loops/line01loop01_lnlp_b032_f032_s0400_r008/raw/config.27.data
 nodes: 138, segments: 138
 Burgers vector is conserved for all nodes
Reading ParaDiS configuration
 Input file: /workspace/datasets/glissile_loops/line01loop01_lnlp_b032_f032_s0400_r008/raw/config.30.data
 nodes: 138, segments: 138
 Burgers vector is conserved for all nodes
Reading ParaDiS configuration
 Input file: /workspace/datasets/glissile_loops/line01loop01_lnlp_b032_f032_s0400_r008/raw/config.33.data
 nodes: 138, segments: 138
 Burgers vector is conserved for all nodes
Reading ParaDiS configuration
 Input file: /workspace/datasets/glissile_loops/line01loop01_lnlp_b032_f032_s0400_r008/raw/config.36.data
 nodes: 138, segments: 138
 Burgers vector is conserved for all nodes
Reading ParaDiS configuration
 Input file: /workspace/datasets/glissile_loops/line01loop01_lnlp_b032_f032_s0400_r008/raw/config.39.data
 nodes: 138, segments: 138
 Burgers vector is conserved for all nodes
Reading ParaDiS configuration
 Input file: /workspace/datasets/glissile_loops/line01loop01_lnlp_b032_f032_s0400_r008/raw/config.42.data
 nodes: 138, segments: 138
 Burgers vector is conserved for all nodes
Reading ParaDiS configuration
 Input file: /workspace/datasets/glissile_loops/line01loop01_lnlp_b032_f032_s0400_r008/raw/config.45.data
 nodes: 138, segments: 138
 Burgers vector is conserved for all nodes
Reading ParaDiS configuration
 Input file: /workspace/datasets/glissile_loops/line01loop01_lnlp_b032_f032_s0400_r008/raw/config.48.data
 nodes: 137, segments: 138
 Burgers vector is conserved for all nodes
Reading ParaDiS configuration
 Input file: /workspace/datasets/glissile_loops/line01loop01_lnlp_b032_f032_s0400_r008/raw/config.51.data
 nodes: 138, segments: 138
 Burgers vector is conserved for all nodes
Reading ParaDiS configuration
 Input file: /workspace/datasets/glissile_loops/line01loop01_lnlp_b032_f032_s0400_r008/raw/config.54.data
 nodes: 138, segments: 138
 Burgers vector is conserved for all nodes
Reading ParaDiS configuration
 Input file: /workspace/datasets/glissile_loops/line01loop01_lnlp_b032_f032_s0400_r008/raw/config.57.data
 nodes: 138, segments: 138
 Burgers vector is conserved for all nodes
Reading ParaDiS configuration
 Input file: /workspace/datasets/glissile_loops/line01loop01_lnlp_b032_f032_s0400_r008/raw/config.60.data
 nodes: 138, segments: 138
 Burgers vector is conserved for all nodes
Reading ParaDiS configuration
 Input file: /workspace/datasets/glissile_loops/line01loop01_lnlp_b032_f032_s0400_r008/raw/config.63.data
 nodes: 138, segments: 138
 Burgers vector is conserved for all nodes
Reading ParaDiS configuration
 Input file: /workspace/datasets/glissile_loops/line01loop01_lnlp_b032_f032_s0400_r008/raw/config.66.data
 nodes: 139, segments: 139
 Burgers vector is conserved for all nodes
Reading ParaDiS configuration
 Input file: /workspace/datasets/glissile_loops/line01loop01_lnlp_b032_f032_s0400_r008/raw/config.69.data
 nodes: 144, segments: 144
 Burgers vector is conserved for all nodes
Reading ParaDiS configuration
 Input file: /workspace/datasets/glissile_loops/line01loop01_lnlp_b032_f032_s0400_r008/raw/config.72.data
 nodes: 146, segments: 146
 Burgers vector is conserved for all nodes
Reading ParaDiS configuration
 Input file: /workspace/datasets/glissile_loops/line01loop01_lnlp_b032_f032_s0400_r008/raw/config.75.data
 nodes: 150, segments: 150
 Burgers vector is conserved for all nodes
Reading ParaDiS configuration
 Input file: /workspace/datasets/glissile_loops/line01loop01_lnlp_b032_f032_s0400_r008/raw/config.78.data
 nodes: 150, segments: 150
 Burgers vector is conserved for all nodes
Reading ParaDiS configuration
 Input file: /workspace/datasets/glissile_loops/line01loop01_lnlp_b032_f032_s0400_r008/raw/config.81.data
 nodes: 152, segments: 152
 Burgers vector is conserved for all nodes
Reading ParaDiS configuration
 Input file: /workspace/datasets/glissile_loops/line01loop01_lnlp_b032_f032_s0400_r008/raw/config.84.data
 nodes: 154, segments: 154
 Burgers vector is conserved for all nodes
Reading ParaDiS configuration
 Input file: /workspace/datasets/glissile_loops/line01loop01_lnlp_b032_f032_s0400_r008/raw/config.87.data
 nodes: 156, segments: 156
 Burgers vector is conserved for all nodes
Reading ParaDiS configuration
 Input file: /workspace/datasets/glissile_loops/line01loop01_lnlp_b032_f032_s0400_r008/raw/config.90.data
 nodes: 158, segments: 158
 Burgers vector is conserved for all nodes
Reading ParaDiS configuration
 Input file: /workspace/datasets/glissile_loops/line01loop01_lnlp_b032_f032_s0400_r008/raw/config.93.data
 nodes: 160, segments: 160
 Burgers vector is conserved for all nodes
Reading ParaDiS configuration
 Input file: /workspace/datasets/glissile_loops/line01loop01_lnlp_b032_f032_s0400_r008/raw/config.96.data
 nodes: 162, segments: 162
 Burgers vector is conserved for all nodes
Reading ParaDiS configuration
 Input file: /workspace/datasets/glissile_loops/line01loop01_lnlp_b032_f032_s0400_r008/raw/config.99.data
 nodes: 165, segments: 165
 Burgers vector is conserved for all nodes
Reading ParaDiS configuration
 Input file: /workspace/datasets/glissile_loops/line01loop01_lnlp_b032_f032_s0400_r008/raw/config.102.data
 nodes: 170, segments: 170
 Burgers vector is conserved for all nodes
Reading ParaDiS configuration
 Input file: /workspace/datasets/glissile_loops/line01loop01_lnlp_b032_f032_s0400_r008/raw/config.105.data
 nodes: 170, segments: 170
 Burgers vector is conserved for all nodes
Reading ParaDiS configuration
 Input file: /workspace/datasets/glissile_loops/line01loop01_lnlp_b032_f032_s0400_r008/raw/config.108.data
 nodes: 170, segments: 170
 Burgers vector is conserved for all nodes
Reading ParaDiS configuration
 Input file: /workspace/datasets/glissile_loops/line01loop01_lnlp_b032_f032_s0400_r008/raw/config.111.data
 nodes: 170, segments: 170
 Burgers vector is conserved for all nodes
Reading ParaDiS configuration
 Input file: /workspace/datasets/glissile_loops/line01loop01_lnlp_b032_f032_s0400_r008/raw/config.114.data
 nodes: 171, segments: 171
 Burgers vector is conserved for all nodes
Reading ParaDiS configuration
 Input file: /workspace/datasets/glissile_loops/line01loop01_lnlp_b032_f032_s0400_r008/raw/config.117.data
 nodes: 171, segments: 171
 Burgers vector is conserved for all nodes
Reading ParaDiS configuration
 Input file: /workspace/datasets/glissile_loops/line01loop01_lnlp_b032_f032_s0400_r008/raw/config.120.data
 nodes: 170, segments: 170
 Burgers vector is conserved for all nodes
Reading ParaDiS configuration
 Input file: /workspace/datasets/glissile_loops/line01loop01_lnlp_b032_f032_s0400_r008/raw/config.123.data
 nodes: 170, segments: 170
 Burgers vector is conserved for all nodes
Reading ParaDiS configuration
 Input file: /workspace/datasets/glissile_loops/line01loop01_lnlp_b032_f032_s0400_r008/raw/config.126.data
 nodes: 175, segments: 175
 Burgers vector is conserved for all nodes
Reading ParaDiS configuration
 Input file: /workspace/datasets/glissile_loops/line01loop01_lnlp_b032_f032_s0400_r008/raw/config.129.data
 nodes: 177, segments: 177
 Burgers vector is conserved for all nodes
Reading ParaDiS configuration
 Input file: /workspace/datasets/glissile_loops/line01loop01_lnlp_b032_f032_s0400_r008/raw/config.132.data
 nodes: 178, segments: 178
 Burgers vector is conserved for all nodes
Reading ParaDiS configuration
 Input file: /workspace/datasets/glissile_loops/line01loop01_lnlp_b032_f032_s0400_r008/raw/config.135.data
 nodes: 177, segments: 178
 Burgers vector is conserved for all nodes
Reading ParaDiS configuration
 Input file: /workspace/datasets/glissile_loops/line01loop01_lnlp_b032_f032_s0400_r008/raw/config.138.data
 nodes: 179, segments: 179
 Burgers vector is conserved for all nodes
Reading ParaDiS configuration
 Input file: /workspace/datasets/glissile_loops/line01loop01_lnlp_b032_f032_s0400_r008/raw/config.141.data
 nodes: 179, segments: 179
 Burgers vector is conserved for all nodes
Reading ParaDiS configuration
 Input file: /workspace/datasets/glissile_loops/line01loop01_lnlp_b032_f032_s0400_r008/raw/config.144.data
 nodes: 183, segments: 183
 Burgers vector is conserved for all nodes
Reading ParaDiS configuration
 Input file: /workspace/datasets/glissile_loops/line01loop01_lnlp_b032_f032_s0400_r008/raw/config.147.data
 nodes: 183, segments: 183
 Burgers vector is conserved for all nodes
Reading ParaDiS configuration
 Input file: /workspace/datasets/glissile_loops/line01loop01_lnlp_b032_f032_s0400_r008/raw/config.150.data
 nodes: 185, segments: 185
 Burgers vector is conserved for all nodes
processed line01loop01_lnlp_b032_f032_s0400_r008: 51 frames, validation ok=True
