CASE DIR: /workspace/dataset/ddd_elasticity/cases/fov_variant_n2_L64_s1_seed701_fov32
APPLIED STRESS: [0.0, 0.0, 0.0, -5000000000.0, -5000000000.0, 0.0]
SOLVER: {
  "force_mode": "DDD_FFT_MODEL",
  "mobility_law": "SimpleGlide",
  "mobility_mob": 400.0,
  "integrator": "Trapezoid",
  "collision_mode": null,
  "topology_mode": null,
  "remesh_rule": null,
  "loading_mode": "stress",
  "ngrid": 32,
  "pbc": [
    1,
    1,
    1
  ],
  "box": [
    64.0,
    64.0,
    64.0
  ]
}
step = 10, nodes = 34, dt = 2.579890e-13, time = 1.297934e-12, elapsed = 0.1 sec
step = 20, nodes = 34, dt = 1.444408e-14, time = 2.288592e-12, elapsed = 0.1 sec
step = 30, nodes = 34, dt = 1.293894e-14, time = 2.454909e-12, elapsed = 0.2 sec
step = 40, nodes = 34, dt = 1.390877e-14, time = 2.564919e-12, elapsed = 0.2 sec
step = 50, nodes = 34, dt = 6.229704e-15, time = 2.649556e-12, elapsed = 0.3 sec
step = 60, nodes = 34, dt = 1.607195e-14, time = 2.755114e-12, elapsed = 0.3 sec
RUN TIME: 0.328369 sec
