[20:37:28] building network: 2 loops, 0 lines, box=[32.0, 32.0, 32.0]
[20:37:28] pre-run validation passed (12 checks)
[20:37:28] modules: force=Elasticity_SBA mobility=SimpleGlide dt=1e-10 max_step=150 stress(Voigt)=[ 0.e+00  0.e+00  0.e+00  0.e+00 -4.e+09  0.e+00]
[20:37:28] step 0: nodes=100 segs=100 total_length=75.35
[20:37:30] step 10: nodes=100 segs=100 total_length=87.91
[20:37:31] step 20: nodes=90 segs=90 total_length=90.07
[20:37:32] step 30: nodes=72 segs=72 total_length=80.72
[20:37:33] step 40: nodes=64 segs=64 total_length=74.80
[20:37:35] step 50: nodes=104 segs=104 total_length=71.90
[20:37:37] step 60: nodes=96 segs=96 total_length=70.92
[20:37:38] step 70: nodes=88 segs=88 total_length=69.84
[20:37:39] step 80: nodes=80 segs=80 total_length=68.89
[20:37:40] step 90: nodes=74 segs=74 total_length=67.69
[20:37:41] step 100: nodes=66 segs=68 total_length=67.17
[20:37:42] step 110: nodes=35 segs=35 total_length=31.72
[20:37:42] step 120: nodes=15 segs=15 total_length=12.84
[20:37:42] step 130: nodes=20 segs=20 total_length=17.26
[20:37:42] step 140: nodes=24 segs=26 total_length=21.46
[20:37:43] step 150: nodes=26 segs=28 total_length=26.78
[20:37:43] run finished: max_step reached; 16 frames written
