[20:36:08] building network: 1 loops, 0 lines, box=[32.0, 32.0, 32.0]
[20:36:08] pre-run validation passed (12 checks)
[20:36:08] modules: force=Elasticity_SBA mobility=SimpleGlide dt=1e-10 max_step=75 stress(Voigt)=[-1.60944173e+08  3.53849355e+08 -1.92905182e+08 -4.00000000e+08
 -3.98184910e+09  2.80276284e+08]
[20:36:08] step 0: nodes=66 segs=66 total_length=50.25
[20:36:09] step 5: nodes=66 segs=66 total_length=53.39
[20:36:09] step 10: nodes=66 segs=66 total_length=56.53
[20:36:09] step 15: nodes=66 segs=66 total_length=59.67
[20:36:10] step 20: nodes=66 segs=66 total_length=62.81
[20:36:10] step 25: nodes=66 segs=66 total_length=65.95
[20:36:11] step 30: nodes=66 segs=66 total_length=69.09
[20:36:11] step 35: nodes=66 segs=66 total_length=72.23
[20:36:11] step 40: nodes=66 segs=66 total_length=75.37
[20:36:12] step 45: nodes=66 segs=66 total_length=78.51
[20:36:12] step 50: nodes=66 segs=66 total_length=81.65
[20:36:12] step 55: nodes=132 segs=132 total_length=84.79
[20:36:14] step 60: nodes=132 segs=132 total_length=87.93
[20:36:15] step 65: nodes=132 segs=132 total_length=91.07
[20:36:17] step 70: nodes=132 segs=132 total_length=94.21
[20:36:18] step 75: nodes=132 segs=132 total_length=97.35
[20:36:18] run finished: max_step reached; 16 frames written
