
$ /usr/bin/python3 -m data_ddd.simulate /workspace/datasets/glissile_loops/loop02_copl_b032_f032_s0400_r002
Kokkos::OpenMP::initialize WARNING: OMP_PROC_BIND environment variable not set
  In general, for best performance with OpenMP 4.0 or better set OMP_PROC_BIND=spread and OMP_PLACES=threads
  For best performance with OpenMP 3.1 set OMP_PROC_BIND=true
  For unit testing set OMP_PROC_BIND=false

Host Parallel Execution Space:
  KOKKOS_ENABLE_OPENMP: yes

OpenMP Runtime Configuration:
Kokkos::OpenMP thread_pool_topology[ 1 x 4 x 1 ]
Exporting configuration in ParaDiS format
 Output file: /workspace/datasets/glissile_loops/loop02_copl_b032_f032_s0400_r002/raw/config.0.data
Exporting configuration in ParaDiS format
 Output file: /workspace/datasets/glissile_loops/loop02_copl_b032_f032_s0400_r002/raw/config.3.data
Exporting configuration in ParaDiS format
 Output file: /workspace/datasets/glissile_loops/loop02_copl_b032_f032_s0400_r002/raw/config.6.data
Exporting configuration in ParaDiS format
 Output file: /workspace/datasets/glissile_loops/loop02_copl_b032_f032_s0400_r002/raw/config.9.data
Exporting configuration in ParaDiS format
 Output file: /workspace/datasets/glissile_loops/loop02_copl_b032_f032_s0400_r002/raw/config.12.data
Exporting configuration in ParaDiS format
 Output file: /workspace/datasets/glissile_loops/loop02_copl_b032_f032_s0400_r002/raw/config.15.data
Exporting configuration in ParaDiS format
 Output file: /workspace/datasets/glissile_loops/loop02_copl_b032_f032_s0400_r002/raw/config.18.data
Exporting configuration in ParaDiS format
 Output file: /workspace/datasets/glissile_loops/loop02_copl_b032_f032_s0400_r002/raw/config.21.data
Exporting configuration in ParaDiS format
 Output file: /workspace/datasets/glissile_loops/loop02_copl_b032_f032_s0400_r002/raw/config.24.data
Exporting configuration in ParaDiS format
 Output file: /workspace/datasets/glissile_loops/loop02_copl_b032_f032_s0400_r002/raw/config.27.data
Exporting configuration in ParaDiS format
 Output file: /workspace/datasets/glissile_loops/loop02_copl_b032_f032_s0400_r002/raw/config.30.data
Exporting configuration in ParaDiS format
 Output file: /workspace/datasets/glissile_loops/loop02_copl_b032_f032_s0400_r002/raw/config.33.data
Exporting configuration in ParaDiS format
 Output file: /workspace/datasets/glissile_loops/loop02_copl_b032_f032_s0400_r002/raw/config.36.data
Exporting configuration in ParaDiS format
 Output file: /workspace/datasets/glissile_loops/loop02_copl_b032_f032_s0400_r002/raw/config.39.data
Exporting configuration in ParaDiS format
 Output file: /workspace/datasets/glissile_loops/loop02_copl_b032_f032_s0400_r002/raw/config.42.data
Exporting configuration in ParaDiS format
 Output file: /workspace/datasets/glissile_loops/loop02_copl_b032_f032_s0400_r002/raw/config.45.data
Exporting configuration in ParaDiS format
 Output file: /workspace/datasets/glissile_loops/loop02_copl_b032_f032_s0400_r002/raw/config.48.data
Exporting configuration in ParaDiS format
 Output file: /workspace/datasets/glissile_loops/loop02_copl_b032_f032_s0400_r002/raw/config.51.data
Exporting configuration in ParaDiS format
 Output file: /workspace/datasets/glissile_loops/loop02_copl_b032_f032_s0400_r002/raw/config.54.data
Exporting configuration in ParaDiS format
 Output file: /workspace/datasets/glissile_loops/loop02_copl_b032_f032_s0400_r002/raw/config.57.data
Exporting configuration in ParaDiS format
 Output file: /workspace/datasets/glissile_loops/loop02_copl_b032_f032_s0400_r002/raw/config.60.data
Exporting configuration in ParaDiS format
 Output file: /workspace/datasets/glissile_loops/loop02_copl_b032_f032_s0400_r002/raw/config.63.data
Exporting configuration in ParaDiS format
 Output file: /workspace/datasets/glissile_loops/loop02_copl_b032_f032_s0400_r002/raw/config.66.data
Exporting configuration in ParaDiS format
 Output file: /workspace/datasets/glissile_loops/loop02_copl_b032_f032_s0400_r002/raw/config.69.data
Exporting configuration in ParaDiS format
 Output file: /workspace/datasets/glissile_loops/loop02_copl_b032_f032_s0400_r002/raw/config.72.data
Exporting configuration in ParaDiS format
 Output file: /workspace/datasets/glissile_loops/loop02_copl_b032_f032_s0400_r002/raw/config.75.data
Exporting configuration in ParaDiS format
 Output file: /workspace/datasets/glissile_loops/loop02_copl_b032_f032_s0400_r002/raw/config.78.data
Exporting configuration in ParaDiS format
 Output file: /workspace/datasets/glissile_loops/loop02_copl_b032_f032_s0400_r002/raw/config.81.data
Exporting configuration in ParaDiS format
 Output file: /workspace/datasets/glissile_loops/loop02_copl_b032_f032_s0400_r002/raw/config.84.data
Exporting configuration in ParaDiS format
 Output file: /workspace/datasets/glissile_loops/loop02_copl_b032_f032_s0400_r002/raw/config.87.data
Exporting configuration in ParaDiS format
 Output file: /workspace/datasets/glissile_loops/loop02_copl_b032_f032_s0400_r002/raw/config.90.data
Exporting configuration in ParaDiS format
 Output file: /workspace/datasets/glissile_loops/loop02_copl_b032_f032_s0400_r002/raw/config.93.data
Exporting configuration in ParaDiS format
 Output file: /workspace/datasets/glissile_loops/loop02_copl_b032_f032_s0400_r002/raw/config.96.data
Exporting configuration in ParaDiS format
 Output file: /workspace/datasets/glissile_loops/loop02_copl_b032_f032_s0400_r002/raw/config.99.data
Exporting configuration in ParaDiS format
 Output file: /workspace/datasets/glissile_loops/loop02_copl_b032_f032_s0400_r002/raw/config.102.data
Exporting configuration in ParaDiS format
 Output file: /workspace/datasets/glissile_loops/loop02_copl_b032_f032_s0400_r002/raw/config.105.data
Exporting configuration in ParaDiS format
 Output file: /workspace/datasets/glissile_loops/loop02_copl_b032_f032_s0400_r002/raw/config.108.data
Exporting configuration in ParaDiS format
 Output file: /workspace/datasets/glissile_loops/loop02_copl_b032_f032_s0400_r002/raw/config.111.data
Exporting configuration in ParaDiS format
 Output file: /workspace/datasets/glissile_loops/loop02_copl_b032_f032_s0400_r002/raw/config.114.data
Exporting configuration in ParaDiS format
 Output file: /workspace/datasets/glissile_loops/loop02_copl_b032_f032_s0400_r002/raw/config.117.data
Exporting configuration in ParaDiS format
 Output file: /workspace/datasets/glissile_loops/loop02_copl_b032_f032_s0400_r002/raw/config.120.data
Exporting configuration in ParaDiS format
 Output file: /workspace/datasets/glissile_loops/loop02_copl_b032_f032_s0400_r002/raw/config.123.data
Exporting configuration in ParaDiS format
 Output file: /workspace/datasets/glissile_loops/loop02_copl_b032_f032_s0400_r002/raw/config.126.data
Exporting configuration in ParaDiS format
 Output file: /workspace/datasets/glissile_loops/loop02_copl_b032_f032_s0400_r002/raw/config.129.data
Exporting configuration in ParaDiS format
 Output file: /workspace/datasets/glissile_loops/loop02_copl_b032_f032_s0400_r002/raw/config.132.data
Exporting configuration in ParaDiS format
 Output file: /workspace/datasets/glissile_loops/loop02_copl_b032_f032_s0400_r002/raw/config.135.data
Exporting configuration in ParaDiS format
 Output file: /workspace/datasets/glissile_loops/loop02_copl_b032_f032_s0400_r002/raw/config.138.data
Exporting configuration in ParaDiS format
 Output file: /workspace/datasets/glissile_loops/loop02_copl_b032_f032_s0400_r002/raw/config.141.data
Exporting configuration in ParaDiS format
 Output file: /workspace/datasets/glissile_loops/loop02_copl_b032_f032_s0400_r002/raw/config.144.data
Exporting configuration in ParaDiS format
 Output file: /workspace/datasets/glissile_loops/loop02_copl_b032_f032_s0400_r002/raw/config.147.data
Exporting configuration in ParaDiS format
 Output file: /workspace/datasets/glissile_loops/loop02_copl_b032_f032_s0400_r002/raw/config.150.data
step = 5, nodes = 34, dt = 1.036800e-12, time = 3.720800e-12, elapsed = 0.0 sec
step = 10, nodes = 34, dt = 2.579890e-12, time = 1.297934e-11, elapsed = 0.0 sec
step = 15, nodes = 34, dt = 6.419592e-12, time = 3.601755e-11, elapsed = 0.0 sec
step = 20, nodes = 34, dt = 1.597400e-11, time = 9.334400e-11, elapsed = 0.0 sec
step = 25, nodes = 44, dt = 3.974842e-11, time = 2.359905e-10, elapsed = 0.0 sec
step = 30, nodes = 63, dt = 9.890680e-11, time = 5.909408e-10, elapsed = 0.1 sec
step = 35, nodes = 66, dt = 1.000000e-10, time = 1.090941e-09, elapsed = 0.1 sec
step = 40, nodes = 68, dt = 7.200000e-11, time = 1.372941e-09, elapsed = 0.1 sec
step = 45, nodes = 68, dt = 1.000000e-10, time = 1.859341e-09, elapsed = 0.1 sec
step = 50, nodes = 68, dt = 5.000000e-11, time = 2.259341e-09, elapsed = 0.1 sec
step = 55, nodes = 68, dt = 4.320000e-11, time = 2.458541e-09, elapsed = 0.2 sec
step = 60, nodes = 68, dt = 1.000000e-10, time = 2.836818e-09, elapsed = 0.2 sec
step = 65, nodes = 68, dt = 1.000000e-10, time = 3.336818e-09, elapsed = 0.2 sec
step = 70, nodes = 68, dt = 1.000000e-10, time = 3.836818e-09, elapsed = 0.2 sec
step = 75, nodes = 68, dt = 1.000000e-10, time = 4.336818e-09, elapsed = 0.2 sec
step = 80, nodes = 68, dt = 1.000000e-10, time = 4.836818e-09, elapsed = 0.2 sec
step = 85, nodes = 68, dt = 1.000000e-10, time = 5.336818e-09, elapsed = 0.3 sec
step = 90, nodes = 68, dt = 1.000000e-10, time = 5.836818e-09, elapsed = 0.3 sec
step = 95, nodes = 68, dt = 1.000000e-10, time = 6.336818e-09, elapsed = 0.3 sec
step = 100, nodes = 68, dt = 1.000000e-10, time = 6.836818e-09, elapsed = 0.3 sec
step = 105, nodes = 68, dt = 1.000000e-10, time = 7.336818e-09, elapsed = 0.3 sec
step = 110, nodes = 72, dt = 1.000000e-10, time = 7.836818e-09, elapsed = 0.3 sec
step = 115, nodes = 72, dt = 1.000000e-10, time = 8.336818e-09, elapsed = 0.4 sec
step = 120, nodes = 76, dt = 1.000000e-10, time = 8.836818e-09, elapsed = 0.4 sec
step = 125, nodes = 76, dt = 1.000000e-10, time = 9.336818e-09, elapsed = 0.4 sec
step = 130, nodes = 76, dt = 1.000000e-10, time = 9.836818e-09, elapsed = 0.4 sec
step = 135, nodes = 76, dt = 1.000000e-10, time = 1.033682e-08, elapsed = 0.4 sec
step = 140, nodes = 82, dt = 1.000000e-10, time = 1.083682e-08, elapsed = 0.5 sec
step = 145, nodes = 86, dt = 1.000000e-10, time = 1.133682e-08, elapsed = 0.5 sec
step = 150, nodes = 88, dt = 1.000000e-10, time = 1.183682e-08, elapsed = 0.5 sec
RUN TIME: 0.507160 sec
case loop02_copl_b032_f032_s0400_r002 finished in 0.5 s (t = 1.184e-08 s)

$ /usr/bin/python3 -m data_ddd.trajectory /workspace/datasets/glissile_loops/loop02_copl_b032_f032_s0400_r002
Kokkos::OpenMP::initialize WARNING: OMP_PROC_BIND environment variable not set
  In general, for best performance with OpenMP 4.0 or better set OMP_PROC_BIND=spread and OMP_PLACES=threads
  For best performance with OpenMP 3.1 set OMP_PROC_BIND=true
  For unit testing set OMP_PROC_BIND=false

Host Parallel Execution Space:
  KOKKOS_ENABLE_OPENMP: yes

OpenMP Runtime Configuration:
Kokkos::OpenMP thread_pool_topology[ 1 x 4 x 1 ]
Reading ParaDiS configuration
 Input file: /workspace/datasets/glissile_loops/loop02_copl_b032_f032_s0400_r002/raw/config.0.data
 nodes: 34, segments: 34
 Burgers vector is conserved for all nodes
Reading ParaDiS configuration
 Input file: /workspace/datasets/glissile_loops/loop02_copl_b032_f032_s0400_r002/raw/config.3.data
 nodes: 34, segments: 34
 Burgers vector is conserved for all nodes
Reading ParaDiS configuration
 Input file: /workspace/datasets/glissile_loops/loop02_copl_b032_f032_s0400_r002/raw/config.6.data
 nodes: 34, segments: 34
 Burgers vector is conserved for all nodes
Reading ParaDiS configuration
 Input file: /workspace/datasets/glissile_loops/loop02_copl_b032_f032_s0400_r002/raw/config.9.data
 nodes: 34, segments: 34
 Burgers vector is conserved for all nodes
Reading ParaDiS configuration
 Input file: /workspace/datasets/glissile_loops/loop02_copl_b032_f032_s0400_r002/raw/config.12.data
 nodes: 34, segments: 34
 Burgers vector is conserved for all nodes
Reading ParaDiS configuration
 Input file: /workspace/datasets/glissile_loops/loop02_copl_b032_f032_s0400_r002/raw/config.15.data
 nodes: 34, segments: 34
 Burgers vector is conserved for all nodes
Reading ParaDiS configuration
 Input file: /workspace/datasets/glissile_loops/loop02_copl_b032_f032_s0400_r002/raw/config.18.data
 nodes: 34, segments: 34
 Burgers vector is conserved for all nodes
Reading ParaDiS configuration
 Input file: /workspace/datasets/glissile_loops/loop02_copl_b032_f032_s0400_r002/raw/config.21.data
 nodes: 34, segments: 34
 Burgers vector is conserved for all nodes
Reading ParaDiS configuration
 Input file: /workspace/datasets/glissile_loops/loop02_copl_b032_f032_s0400_r002/raw/config.24.data
 nodes: 39, segments: 39
 Burgers vector is conserved for all nodes
Reading ParaDiS configuration
 Input file: /workspace/datasets/glissile_loops/loop02_copl_b032_f032_s0400_r002/raw/config.27.data
 nodes: 52, segments: 52
 Burgers vector is conserved for all nodes
Reading ParaDiS configuration
 Input file: /workspace/datasets/glissile_loops/loop02_copl_b032_f032_s0400_r002/raw/config.30.data
 nodes: 63, segments: 63
 Burgers vector is conserved for all nodes
Reading ParaDiS configuration
 Input file: /workspace/datasets/glissile_loops/loop02_copl_b032_f032_s0400_r002/raw/config.33.data
 nodes: 66, segments: 66
 Burgers vector is conserved for all nodes
Reading ParaDiS configuration
 Input file: /workspace/datasets/glissile_loops/loop02_copl_b032_f032_s0400_r002/raw/config.36.data
 nodes: 68, segments: 68
 Burgers vector is conserved for all nodes
Reading ParaDiS configuration
 Input file: /workspace/datasets/glissile_loops/loop02_copl_b032_f032_s0400_r002/raw/config.39.data
 nodes: 68, segments: 68
 Burgers vector is conserved for all nodes
Reading ParaDiS configuration
 Input file: /workspace/datasets/glissile_loops/loop02_copl_b032_f032_s0400_r002/raw/config.42.data
 nodes: 68, segments: 68
 Burgers vector is conserved for all nodes
Reading ParaDiS configuration
 Input file: /workspace/datasets/glissile_loops/loop02_copl_b032_f032_s0400_r002/raw/config.45.data
 nodes: 68, segments: 68
 Burgers vector is conserved for all nodes
Reading ParaDiS configuration
 Input file: /workspace/datasets/glissile_loops/loop02_copl_b032_f032_s0400_r002/raw/config.48.data
 nodes: 68, segments: 68
 Burgers vector is conserved for all nodes
Reading ParaDiS configuration
 Input file: /workspace/datasets/glissile_loops/loop02_copl_b032_f032_s0400_r002/raw/config.51.data
 nodes: 68, segments: 68
 Burgers vector is conserved for all nodes
Reading ParaDiS configuration
 Input file: /workspace/datasets/glissile_loops/loop02_copl_b032_f032_s0400_r002/raw/config.54.data
 nodes: 68, segments: 68
 Burgers vector is conserved for all nodes
Reading ParaDiS configuration
 Input file: /workspace/datasets/glissile_loops/loop02_copl_b032_f032_s0400_r002/raw/config.57.data
 nodes: 68, segments: 68
 Burgers vector is conserved for all nodes
Reading ParaDiS configuration
 Input file: /workspace/datasets/glissile_loops/loop02_copl_b032_f032_s0400_r002/raw/config.60.data
 nodes: 68, segments: 68
 Burgers vector is conserved for all nodes
Reading ParaDiS configuration
 Input file: /workspace/datasets/glissile_loops/loop02_copl_b032_f032_s0400_r002/raw/config.63.data
 nodes: 68, segments: 68
 Burgers vector is conserved for all nodes
Reading ParaDiS configuration
 Input file: /workspace/datasets/glissile_loops/loop02_copl_b032_f032_s0400_r002/raw/config.66.data
 nodes: 68, segments: 68
 Burgers vector is conserved for all nodes
Reading ParaDiS configuration
 Input file: /workspace/datasets/glissile_loops/loop02_copl_b032_f032_s0400_r002/raw/config.69.data
 nodes: 68, segments: 68
 Burgers vector is conserved for all nodes
Reading ParaDiS configuration
 Input file: /workspace/datasets/glissile_loops/loop02_copl_b032_f032_s0400_r002/raw/config.72.data
 nodes: 68, segments: 68
 Burgers vector is conserved for all nodes
Reading ParaDiS configuration
 Input file: /workspace/datasets/glissile_loops/loop02_copl_b032_f032_s0400_r002/raw/config.75.data
 nodes: 68, segments: 68
 Burgers vector is conserved for all nodes
Reading ParaDiS configuration
 Input file: /workspace/datasets/glissile_loops/loop02_copl_b032_f032_s0400_r002/raw/config.78.data
 nodes: 68, segments: 68
 Burgers vector is conserved for all nodes
Reading ParaDiS configuration
 Input file: /workspace/datasets/glissile_loops/loop02_copl_b032_f032_s0400_r002/raw/config.81.data
 nodes: 68, segments: 68
 Burgers vector is conserved for all nodes
Reading ParaDiS configuration
 Input file: /workspace/datasets/glissile_loops/loop02_copl_b032_f032_s0400_r002/raw/config.84.data
 nodes: 68, segments: 68
 Burgers vector is conserved for all nodes
Reading ParaDiS configuration
 Input file: /workspace/datasets/glissile_loops/loop02_copl_b032_f032_s0400_r002/raw/config.87.data
 nodes: 68, segments: 68
 Burgers vector is conserved for all nodes
Reading ParaDiS configuration
 Input file: /workspace/datasets/glissile_loops/loop02_copl_b032_f032_s0400_r002/raw/config.90.data
 nodes: 68, segments: 68
 Burgers vector is conserved for all nodes
Reading ParaDiS configuration
 Input file: /workspace/datasets/glissile_loops/loop02_copl_b032_f032_s0400_r002/raw/config.93.data
 nodes: 68, segments: 68
 Burgers vector is conserved for all nodes
Reading ParaDiS configuration
 Input file: /workspace/datasets/glissile_loops/loop02_copl_b032_f032_s0400_r002/raw/config.96.data
 nodes: 68, segments: 68
 Burgers vector is conserved for all nodes
Reading ParaDiS configuration
 Input file: /workspace/datasets/glissile_loops/loop02_copl_b032_f032_s0400_r002/raw/config.99.data
 nodes: 68, segments: 68
 Burgers vector is conserved for all nodes
Reading ParaDiS configuration
 Input file: /workspace/datasets/glissile_loops/loop02_copl_b032_f032_s0400_r002/raw/config.102.data
 nodes: 68, segments: 68
 Burgers vector is conserved for all nodes
Reading ParaDiS configuration
 Input file: /workspace/datasets/glissile_loops/loop02_copl_b032_f032_s0400_r002/raw/config.105.data
 nodes: 68, segments: 68
 Burgers vector is conserved for all nodes
Reading ParaDiS configuration
 Input file: /workspace/datasets/glissile_loops/loop02_copl_b032_f032_s0400_r002/raw/config.108.data
 nodes: 72, segments: 72
 Burgers vector is conserved for all nodes
Reading ParaDiS configuration
 Input file: /workspace/datasets/glissile_loops/loop02_copl_b032_f032_s0400_r002/raw/config.111.data
 nodes: 72, segments: 72
 Burgers vector is conserved for all nodes
Reading ParaDiS configuration
 Input file: /workspace/datasets/glissile_loops/loop02_copl_b032_f032_s0400_r002/raw/config.114.data
 nodes: 72, segments: 72
 Burgers vector is conserved for all nodes
Reading ParaDiS configuration
 Input file: /workspace/datasets/glissile_loops/loop02_copl_b032_f032_s0400_r002/raw/config.117.data
 nodes: 72, segments: 72
 Burgers vector is conserved for all nodes
Reading ParaDiS configuration
 Input file: /workspace/datasets/glissile_loops/loop02_copl_b032_f032_s0400_r002/raw/config.120.data
 nodes: 76, segments: 76
 Burgers vector is conserved for all nodes
Reading ParaDiS configuration
 Input file: /workspace/datasets/glissile_loops/loop02_copl_b032_f032_s0400_r002/raw/config.123.data
 nodes: 76, segments: 76
 Burgers vector is conserved for all nodes
Reading ParaDiS configuration
 Input file: /workspace/datasets/glissile_loops/loop02_copl_b032_f032_s0400_r002/raw/config.126.data
 nodes: 76, segments: 76
 Burgers vector is conserved for all nodes
Reading ParaDiS configuration
 Input file: /workspace/datasets/glissile_loops/loop02_copl_b032_f032_s0400_r002/raw/config.129.data
 nodes: 76, segments: 76
 Burgers vector is conserved for all nodes
Reading ParaDiS configuration
 Input file: /workspace/datasets/glissile_loops/loop02_copl_b032_f032_s0400_r002/raw/config.132.data
 nodes: 76, segments: 76
 Burgers vector is conserved for all nodes
Reading ParaDiS configuration
 Input file: /workspace/datasets/glissile_loops/loop02_copl_b032_f032_s0400_r002/raw/config.135.data
 nodes: 76, segments: 76
 Burgers vector is conserved for all nodes
Reading ParaDiS configuration
 Input file: /workspace/datasets/glissile_loops/loop02_copl_b032_f032_s0400_r002/raw/config.138.data
 nodes: 78, segments: 78
 Burgers vector is conserved for all nodes
Reading ParaDiS configuration
 Input file: /workspace/datasets/glissile_loops/loop02_copl_b032_f032_s0400_r002/raw/config.141.data
 nodes: 86, segments: 86
 Burgers vector is conserved for all nodes
Reading ParaDiS configuration
 Input file: /workspace/datasets/glissile_loops/loop02_copl_b032_f032_s0400_r002/raw/config.144.data
 nodes: 86, segments: 86
 Burgers vector is conserved for all nodes
Reading ParaDiS configuration
 Input file: /workspace/datasets/glissile_loops/loop02_copl_b032_f032_s0400_r002/raw/config.147.data
 nodes: 88, segments: 88
 Burgers vector is conserved for all nodes
Reading ParaDiS configuration
 Input file: /workspace/datasets/glissile_loops/loop02_copl_b032_f032_s0400_r002/raw/config.150.data
 nodes: 88, segments: 88
 Burgers vector is conserved for all nodes
processed loop02_copl_b032_f032_s0400_r002: 51 frames, validation ok=True
