
$ /usr/bin/python3 -m data_ddd.simulate /workspace/datasets/glissile_loops/loop03_mix_b032_f032_s0400_r005
Kokkos::OpenMP::initialize WARNING: OMP_PROC_BIND environment variable not set
  In general, for best performance with OpenMP 4.0 or better set OMP_PROC_BIND=spread and OMP_PLACES=threads
  For best performance with OpenMP 3.1 set OMP_PROC_BIND=true
  For unit testing set OMP_PROC_BIND=false

Host Parallel Execution Space:
  KOKKOS_ENABLE_OPENMP: yes

OpenMP Runtime Configuration:
Kokkos::OpenMP thread_pool_topology[ 1 x 4 x 1 ]
Exporting configuration in ParaDiS format
 Output file: /workspace/datasets/glissile_loops/loop03_mix_b032_f032_s0400_r005/raw/config.0.data
Exporting configuration in ParaDiS format
 Output file: /workspace/datasets/glissile_loops/loop03_mix_b032_f032_s0400_r005/raw/config.2.data
Exporting configuration in ParaDiS format
 Output file: /workspace/datasets/glissile_loops/loop03_mix_b032_f032_s0400_r005/raw/config.4.data
Exporting configuration in ParaDiS format
 Output file: /workspace/datasets/glissile_loops/loop03_mix_b032_f032_s0400_r005/raw/config.6.data
Exporting configuration in ParaDiS format
 Output file: /workspace/datasets/glissile_loops/loop03_mix_b032_f032_s0400_r005/raw/config.8.data
Exporting configuration in ParaDiS format
 Output file: /workspace/datasets/glissile_loops/loop03_mix_b032_f032_s0400_r005/raw/config.10.data
Exporting configuration in ParaDiS format
 Output file: /workspace/datasets/glissile_loops/loop03_mix_b032_f032_s0400_r005/raw/config.12.data
Exporting configuration in ParaDiS format
 Output file: /workspace/datasets/glissile_loops/loop03_mix_b032_f032_s0400_r005/raw/config.14.data
Exporting configuration in ParaDiS format
 Output file: /workspace/datasets/glissile_loops/loop03_mix_b032_f032_s0400_r005/raw/config.16.data
Exporting configuration in ParaDiS format
 Output file: /workspace/datasets/glissile_loops/loop03_mix_b032_f032_s0400_r005/raw/config.18.data
Exporting configuration in ParaDiS format
 Output file: /workspace/datasets/glissile_loops/loop03_mix_b032_f032_s0400_r005/raw/config.20.data
Exporting configuration in ParaDiS format
 Output file: /workspace/datasets/glissile_loops/loop03_mix_b032_f032_s0400_r005/raw/config.22.data
Exporting configuration in ParaDiS format
 Output file: /workspace/datasets/glissile_loops/loop03_mix_b032_f032_s0400_r005/raw/config.24.data
Exporting configuration in ParaDiS format
 Output file: /workspace/datasets/glissile_loops/loop03_mix_b032_f032_s0400_r005/raw/config.26.data
Exporting configuration in ParaDiS format
 Output file: /workspace/datasets/glissile_loops/loop03_mix_b032_f032_s0400_r005/raw/config.28.data
Exporting configuration in ParaDiS format
 Output file: /workspace/datasets/glissile_loops/loop03_mix_b032_f032_s0400_r005/raw/config.30.data
Exporting configuration in ParaDiS format
 Output file: /workspace/datasets/glissile_loops/loop03_mix_b032_f032_s0400_r005/raw/config.32.data
Exporting configuration in ParaDiS format
 Output file: /workspace/datasets/glissile_loops/loop03_mix_b032_f032_s0400_r005/raw/config.34.data
Exporting configuration in ParaDiS format
 Output file: /workspace/datasets/glissile_loops/loop03_mix_b032_f032_s0400_r005/raw/config.36.data
Exporting configuration in ParaDiS format
 Output file: /workspace/datasets/glissile_loops/loop03_mix_b032_f032_s0400_r005/raw/config.38.data
Exporting configuration in ParaDiS format
 Output file: /workspace/datasets/glissile_loops/loop03_mix_b032_f032_s0400_r005/raw/config.40.data
Exporting configuration in ParaDiS format
 Output file: /workspace/datasets/glissile_loops/loop03_mix_b032_f032_s0400_r005/raw/config.42.data
Exporting configuration in ParaDiS format
 Output file: /workspace/datasets/glissile_loops/loop03_mix_b032_f032_s0400_r005/raw/config.44.data
Exporting configuration in ParaDiS format
 Output file: /workspace/datasets/glissile_loops/loop03_mix_b032_f032_s0400_r005/raw/config.46.data
Exporting configuration in ParaDiS format
 Output file: /workspace/datasets/glissile_loops/loop03_mix_b032_f032_s0400_r005/raw/config.48.data
Exporting configuration in ParaDiS format
 Output file: /workspace/datasets/glissile_loops/loop03_mix_b032_f032_s0400_r005/raw/config.50.data
Exporting configuration in ParaDiS format
 Output file: /workspace/datasets/glissile_loops/loop03_mix_b032_f032_s0400_r005/raw/config.52.data
Exporting configuration in ParaDiS format
 Output file: /workspace/datasets/glissile_loops/loop03_mix_b032_f032_s0400_r005/raw/config.54.data
Exporting configuration in ParaDiS format
 Output file: /workspace/datasets/glissile_loops/loop03_mix_b032_f032_s0400_r005/raw/config.56.data
Exporting configuration in ParaDiS format
 Output file: /workspace/datasets/glissile_loops/loop03_mix_b032_f032_s0400_r005/raw/config.58.data
Exporting configuration in ParaDiS format
 Output file: /workspace/datasets/glissile_loops/loop03_mix_b032_f032_s0400_r005/raw/config.60.data
Exporting configuration in ParaDiS format
 Output file: /workspace/datasets/glissile_loops/loop03_mix_b032_f032_s0400_r005/raw/config.62.data
Exporting configuration in ParaDiS format
 Output file: /workspace/datasets/glissile_loops/loop03_mix_b032_f032_s0400_r005/raw/config.64.data
Exporting configuration in ParaDiS format
 Output file: /workspace/datasets/glissile_loops/loop03_mix_b032_f032_s0400_r005/raw/config.66.data
Exporting configuration in ParaDiS format
 Output file: /workspace/datasets/glissile_loops/loop03_mix_b032_f032_s0400_r005/raw/config.68.data
Exporting configuration in ParaDiS format
 Output file: /workspace/datasets/glissile_loops/loop03_mix_b032_f032_s0400_r005/raw/config.70.data
Exporting configuration in ParaDiS format
 Output file: /workspace/datasets/glissile_loops/loop03_mix_b032_f032_s0400_r005/raw/config.72.data
Exporting configuration in ParaDiS format
 Output file: /workspace/datasets/glissile_loops/loop03_mix_b032_f032_s0400_r005/raw/config.74.data
Exporting configuration in ParaDiS format
 Output file: /workspace/datasets/glissile_loops/loop03_mix_b032_f032_s0400_r005/raw/config.76.data
Exporting configuration in ParaDiS format
 Output file: /workspace/datasets/glissile_loops/loop03_mix_b032_f032_s0400_r005/raw/config.78.data
Exporting configuration in ParaDiS format
 Output file: /workspace/datasets/glissile_loops/loop03_mix_b032_f032_s0400_r005/raw/config.80.data
Exporting configuration in ParaDiS format
 Output file: /workspace/datasets/glissile_loops/loop03_mix_b032_f032_s0400_r005/raw/config.82.data
Exporting configuration in ParaDiS format
 Output file: /workspace/datasets/glissile_loops/loop03_mix_b032_f032_s0400_r005/raw/config.84.data
Exporting configuration in ParaDiS format
 Output file: /workspace/datasets/glissile_loops/loop03_mix_b032_f032_s0400_r005/raw/config.86.data
Exporting configuration in ParaDiS format
 Output file: /workspace/datasets/glissile_loops/loop03_mix_b032_f032_s0400_r005/raw/config.88.data
Exporting configuration in ParaDiS format
 Output file: /workspace/datasets/glissile_loops/loop03_mix_b032_f032_s0400_r005/raw/config.90.data
Exporting configuration in ParaDiS format
 Output file: /workspace/datasets/glissile_loops/loop03_mix_b032_f032_s0400_r005/raw/config.92.data
Exporting configuration in ParaDiS format
 Output file: /workspace/datasets/glissile_loops/loop03_mix_b032_f032_s0400_r005/raw/config.94.data
Exporting configuration in ParaDiS format
 Output file: /workspace/datasets/glissile_loops/loop03_mix_b032_f032_s0400_r005/raw/config.96.data
Exporting configuration in ParaDiS format
 Output file: /workspace/datasets/glissile_loops/loop03_mix_b032_f032_s0400_r005/raw/config.98.data
Exporting configuration in ParaDiS format
 Output file: /workspace/datasets/glissile_loops/loop03_mix_b032_f032_s0400_r005/raw/config.100.data
step = 5, nodes = 51, dt = 1.036800e-12, time = 3.720800e-12, elapsed = 0.0 sec
step = 10, nodes = 51, dt = 2.579890e-12, time = 1.297934e-11, elapsed = 0.0 sec
step = 15, nodes = 51, dt = 6.419592e-12, time = 3.601755e-11, elapsed = 0.0 sec
step = 20, nodes = 51, dt = 1.597400e-11, time = 9.334400e-11, elapsed = 0.1 sec
step = 25, nodes = 73, dt = 3.974842e-11, time = 2.359905e-10, elapsed = 0.1 sec
step = 30, nodes = 89, dt = 9.890680e-11, time = 5.909408e-10, elapsed = 0.1 sec
step = 35, nodes = 96, dt = 1.000000e-10, time = 1.089848e-09, elapsed = 0.1 sec
step = 40, nodes = 100, dt = 1.000000e-10, time = 1.589848e-09, elapsed = 0.2 sec
step = 45, nodes = 100, dt = 1.000000e-10, time = 2.089848e-09, elapsed = 0.2 sec
step = 50, nodes = 100, dt = 1.000000e-10, time = 2.589848e-09, elapsed = 0.2 sec
step = 55, nodes = 102, dt = 1.000000e-10, time = 3.089848e-09, elapsed = 0.2 sec
step = 60, nodes = 102, dt = 1.000000e-10, time = 3.589848e-09, elapsed = 0.3 sec
step = 65, nodes = 102, dt = 1.000000e-10, time = 4.089848e-09, elapsed = 0.3 sec
step = 70, nodes = 109, dt = 1.000000e-10, time = 4.589848e-09, elapsed = 0.3 sec
step = 75, nodes = 112, dt = 1.000000e-10, time = 5.089848e-09, elapsed = 0.4 sec
step = 80, nodes = 114, dt = 1.000000e-10, time = 5.589848e-09, elapsed = 0.4 sec
step = 85, nodes = 118, dt = 1.000000e-10, time = 6.089848e-09, elapsed = 0.4 sec
step = 90, nodes = 123, dt = 1.000000e-10, time = 6.589848e-09, elapsed = 0.5 sec
step = 95, nodes = 128, dt = 1.000000e-10, time = 7.089848e-09, elapsed = 0.5 sec
step = 100, nodes = 132, dt = 1.000000e-10, time = 7.589848e-09, elapsed = 0.6 sec
RUN TIME: 0.555268 sec
case loop03_mix_b032_f032_s0400_r005 finished in 0.6 s (t = 7.590e-09 s)

$ /usr/bin/python3 -m data_ddd.trajectory /workspace/datasets/glissile_loops/loop03_mix_b032_f032_s0400_r005
Kokkos::OpenMP::initialize WARNING: OMP_PROC_BIND environment variable not set
  In general, for best performance with OpenMP 4.0 or better set OMP_PROC_BIND=spread and OMP_PLACES=threads
  For best performance with OpenMP 3.1 set OMP_PROC_BIND=true
  For unit testing set OMP_PROC_BIND=false

Host Parallel Execution Space:
  KOKKOS_ENABLE_OPENMP: yes

OpenMP Runtime Configuration:
Kokkos::OpenMP thread_pool_topology[ 1 x 4 x 1 ]
Reading ParaDiS configuration
 Input file: /workspace/datasets/glissile_loops/loop03_mix_b032_f032_s0400_r005/raw/config.0.data
 nodes: 51, segments: 51
 Burgers vector is conserved for all nodes
Reading ParaDiS configuration
 Input file: /workspace/datasets/glissile_loops/loop03_mix_b032_f032_s0400_r005/raw/config.2.data
 nodes: 51, segments: 51
 Burgers vector is conserved for all nodes
Reading ParaDiS configuration
 Input file: /workspace/datasets/glissile_loops/loop03_mix_b032_f032_s0400_r005/raw/config.4.data
 nodes: 51, segments: 51
 Burgers vector is conserved for all nodes
Reading ParaDiS configuration
 Input file: /workspace/datasets/glissile_loops/loop03_mix_b032_f032_s0400_r005/raw/config.6.data
 nodes: 51, segments: 51
 Burgers vector is conserved for all nodes
Reading ParaDiS configuration
 Input file: /workspace/datasets/glissile_loops/loop03_mix_b032_f032_s0400_r005/raw/config.8.data
 nodes: 51, segments: 51
 Burgers vector is conserved for all nodes
Reading ParaDiS configuration
 Input file: /workspace/datasets/glissile_loops/loop03_mix_b032_f032_s0400_r005/raw/config.10.data
 nodes: 51, segments: 51
 Burgers vector is conserved for all nodes
Reading ParaDiS configuration
 Input file: /workspace/datasets/glissile_loops/loop03_mix_b032_f032_s0400_r005/raw/config.12.data
 nodes: 51, segments: 51
 Burgers vector is conserved for all nodes
Reading ParaDiS configuration
 Input file: /workspace/datasets/glissile_loops/loop03_mix_b032_f032_s0400_r005/raw/config.14.data
 nodes: 51, segments: 51
 Burgers vector is conserved for all nodes
Reading ParaDiS configuration
 Input file: /workspace/datasets/glissile_loops/loop03_mix_b032_f032_s0400_r005/raw/config.16.data
 nodes: 51, segments: 51
 Burgers vector is conserved for all nodes
Reading ParaDiS configuration
 Input file: /workspace/datasets/glissile_loops/loop03_mix_b032_f032_s0400_r005/raw/config.18.data
 nodes: 51, segments: 51
 Burgers vector is conserved for all nodes
Reading ParaDiS configuration
 Input file: /workspace/datasets/glissile_loops/loop03_mix_b032_f032_s0400_r005/raw/config.20.data
 nodes: 51, segments: 51
 Burgers vector is conserved for all nodes
Reading ParaDiS configuration
 Input file: /workspace/datasets/glissile_loops/loop03_mix_b032_f032_s0400_r005/raw/config.22.data
 nodes: 61, segments: 61
 Burgers vector is conserved for all nodes
Reading ParaDiS configuration
 Input file: /workspace/datasets/glissile_loops/loop03_mix_b032_f032_s0400_r005/raw/config.24.data
 nodes: 68, segments: 68
 Burgers vector is conserved for all nodes
Reading ParaDiS configuration
 Input file: /workspace/datasets/glissile_loops/loop03_mix_b032_f032_s0400_r005/raw/config.26.data
 nodes: 77, segments: 77
 Burgers vector is conserved for all nodes
Reading ParaDiS configuration
 Input file: /workspace/datasets/glissile_loops/loop03_mix_b032_f032_s0400_r005/raw/config.28.data
 nodes: 84, segments: 84
 Burgers vector is conserved for all nodes
Reading ParaDiS configuration
 Input file: /workspace/datasets/glissile_loops/loop03_mix_b032_f032_s0400_r005/raw/config.30.data
 nodes: 89, segments: 89
 Burgers vector is conserved for all nodes
Reading ParaDiS configuration
 Input file: /workspace/datasets/glissile_loops/loop03_mix_b032_f032_s0400_r005/raw/config.32.data
 nodes: 94, segments: 94
 Burgers vector is conserved for all nodes
Reading ParaDiS configuration
 Input file: /workspace/datasets/glissile_loops/loop03_mix_b032_f032_s0400_r005/raw/config.34.data
 nodes: 96, segments: 96
 Burgers vector is conserved for all nodes
Reading ParaDiS configuration
 Input file: /workspace/datasets/glissile_loops/loop03_mix_b032_f032_s0400_r005/raw/config.36.data
 nodes: 96, segments: 96
 Burgers vector is conserved for all nodes
Reading ParaDiS configuration
 Input file: /workspace/datasets/glissile_loops/loop03_mix_b032_f032_s0400_r005/raw/config.38.data
 nodes: 97, segments: 97
 Burgers vector is conserved for all nodes
Reading ParaDiS configuration
 Input file: /workspace/datasets/glissile_loops/loop03_mix_b032_f032_s0400_r005/raw/config.40.data
 nodes: 100, segments: 100
 Burgers vector is conserved for all nodes
Reading ParaDiS configuration
 Input file: /workspace/datasets/glissile_loops/loop03_mix_b032_f032_s0400_r005/raw/config.42.data
 nodes: 100, segments: 100
 Burgers vector is conserved for all nodes
Reading ParaDiS configuration
 Input file: /workspace/datasets/glissile_loops/loop03_mix_b032_f032_s0400_r005/raw/config.44.data
 nodes: 100, segments: 100
 Burgers vector is conserved for all nodes
Reading ParaDiS configuration
 Input file: /workspace/datasets/glissile_loops/loop03_mix_b032_f032_s0400_r005/raw/config.46.data
 nodes: 100, segments: 100
 Burgers vector is conserved for all nodes
Reading ParaDiS configuration
 Input file: /workspace/datasets/glissile_loops/loop03_mix_b032_f032_s0400_r005/raw/config.48.data
 nodes: 100, segments: 100
 Burgers vector is conserved for all nodes
Reading ParaDiS configuration
 Input file: /workspace/datasets/glissile_loops/loop03_mix_b032_f032_s0400_r005/raw/config.50.data
 nodes: 100, segments: 100
 Burgers vector is conserved for all nodes
Reading ParaDiS configuration
 Input file: /workspace/datasets/glissile_loops/loop03_mix_b032_f032_s0400_r005/raw/config.52.data
 nodes: 101, segments: 101
 Burgers vector is conserved for all nodes
Reading ParaDiS configuration
 Input file: /workspace/datasets/glissile_loops/loop03_mix_b032_f032_s0400_r005/raw/config.54.data
 nodes: 102, segments: 102
 Burgers vector is conserved for all nodes
Reading ParaDiS configuration
 Input file: /workspace/datasets/glissile_loops/loop03_mix_b032_f032_s0400_r005/raw/config.56.data
 nodes: 102, segments: 102
 Burgers vector is conserved for all nodes
Reading ParaDiS configuration
 Input file: /workspace/datasets/glissile_loops/loop03_mix_b032_f032_s0400_r005/raw/config.58.data
 nodes: 102, segments: 102
 Burgers vector is conserved for all nodes
Reading ParaDiS configuration
 Input file: /workspace/datasets/glissile_loops/loop03_mix_b032_f032_s0400_r005/raw/config.60.data
 nodes: 102, segments: 102
 Burgers vector is conserved for all nodes
Reading ParaDiS configuration
 Input file: /workspace/datasets/glissile_loops/loop03_mix_b032_f032_s0400_r005/raw/config.62.data
 nodes: 102, segments: 102
 Burgers vector is conserved for all nodes
Reading ParaDiS configuration
 Input file: /workspace/datasets/glissile_loops/loop03_mix_b032_f032_s0400_r005/raw/config.64.data
 nodes: 102, segments: 102
 Burgers vector is conserved for all nodes
Reading ParaDiS configuration
 Input file: /workspace/datasets/glissile_loops/loop03_mix_b032_f032_s0400_r005/raw/config.66.data
 nodes: 103, segments: 103
 Burgers vector is conserved for all nodes
Reading ParaDiS configuration
 Input file: /workspace/datasets/glissile_loops/loop03_mix_b032_f032_s0400_r005/raw/config.68.data
 nodes: 106, segments: 106
 Burgers vector is conserved for all nodes
Reading ParaDiS configuration
 Input file: /workspace/datasets/glissile_loops/loop03_mix_b032_f032_s0400_r005/raw/config.70.data
 nodes: 109, segments: 109
 Burgers vector is conserved for all nodes
Reading ParaDiS configuration
 Input file: /workspace/datasets/glissile_loops/loop03_mix_b032_f032_s0400_r005/raw/config.72.data
 nodes: 110, segments: 110
 Burgers vector is conserved for all nodes
Reading ParaDiS configuration
 Input file: /workspace/datasets/glissile_loops/loop03_mix_b032_f032_s0400_r005/raw/config.74.data
 nodes: 111, segments: 111
 Burgers vector is conserved for all nodes
Reading ParaDiS configuration
 Input file: /workspace/datasets/glissile_loops/loop03_mix_b032_f032_s0400_r005/raw/config.76.data
 nodes: 113, segments: 113
 Burgers vector is conserved for all nodes
Reading ParaDiS configuration
 Input file: /workspace/datasets/glissile_loops/loop03_mix_b032_f032_s0400_r005/raw/config.78.data
 nodes: 114, segments: 114
 Burgers vector is conserved for all nodes
Reading ParaDiS configuration
 Input file: /workspace/datasets/glissile_loops/loop03_mix_b032_f032_s0400_r005/raw/config.80.data
 nodes: 114, segments: 114
 Burgers vector is conserved for all nodes
Reading ParaDiS configuration
 Input file: /workspace/datasets/glissile_loops/loop03_mix_b032_f032_s0400_r005/raw/config.82.data
 nodes: 117, segments: 117
 Burgers vector is conserved for all nodes
Reading ParaDiS configuration
 Input file: /workspace/datasets/glissile_loops/loop03_mix_b032_f032_s0400_r005/raw/config.84.data
 nodes: 118, segments: 118
 Burgers vector is conserved for all nodes
Reading ParaDiS configuration
 Input file: /workspace/datasets/glissile_loops/loop03_mix_b032_f032_s0400_r005/raw/config.86.data
 nodes: 118, segments: 118
 Burgers vector is conserved for all nodes
Reading ParaDiS configuration
 Input file: /workspace/datasets/glissile_loops/loop03_mix_b032_f032_s0400_r005/raw/config.88.data
 nodes: 122, segments: 122
 Burgers vector is conserved for all nodes
Reading ParaDiS configuration
 Input file: /workspace/datasets/glissile_loops/loop03_mix_b032_f032_s0400_r005/raw/config.90.data
 nodes: 123, segments: 123
 Burgers vector is conserved for all nodes
Reading ParaDiS configuration
 Input file: /workspace/datasets/glissile_loops/loop03_mix_b032_f032_s0400_r005/raw/config.92.data
 nodes: 123, segments: 123
 Burgers vector is conserved for all nodes
Reading ParaDiS configuration
 Input file: /workspace/datasets/glissile_loops/loop03_mix_b032_f032_s0400_r005/raw/config.94.data
 nodes: 128, segments: 128
 Burgers vector is conserved for all nodes
Reading ParaDiS configuration
 Input file: /workspace/datasets/glissile_loops/loop03_mix_b032_f032_s0400_r005/raw/config.96.data
 nodes: 128, segments: 128
 Burgers vector is conserved for all nodes
Reading ParaDiS configuration
 Input file: /workspace/datasets/glissile_loops/loop03_mix_b032_f032_s0400_r005/raw/config.98.data
 nodes: 130, segments: 130
 Burgers vector is conserved for all nodes
Reading ParaDiS configuration
 Input file: /workspace/datasets/glissile_loops/loop03_mix_b032_f032_s0400_r005/raw/config.100.data
 nodes: 132, segments: 132
 Burgers vector is conserved for all nodes
processed loop03_mix_b032_f032_s0400_r005: 51 frames, validation ok=True
