CASE DIR: /workspace/dataset/ddd_elasticity/cases/single_loop_n1_L32_s0p5_seed102
APPLIED STRESS: [0.0, 0.0, 0.0, 0.0, -2500000000.0, 0.0]
SOLVER: {
  "force_mode": "DDD_FFT_MODEL",
  "mobility_law": "SimpleGlide",
  "mobility_mob": 400.0,
  "integrator": "Trapezoid",
  "collision_mode": "Proximity",
  "topology_mode": null,
  "remesh_rule": "LengthBased",
  "loading_mode": "stress",
  "ngrid": 16,
  "pbc": [
    1,
    1,
    1
  ],
  "box": [
    32.0,
    32.0,
    32.0
  ]
}
step = 10, nodes = 19, dt = 2.579890e-13, time = 1.297934e-12, elapsed = 0.0 sec
ANNIHILATION: network cleared after step 18
RUN TIME: 0.024769 sec
RUN REPORT: {"steps_completed": 18, "annihilated": true, "final_nodes": 0, "stopped_early": true}
